Nothing to build in platform 'DMA_FIFO_wrapper'

20:30:42 **** Incremental Build of configuration Debug for project test_bram ****
make all 
'Building file: ../src/xaxidma_example_sg_poll.c'
'Invoking: MicroBlaze gcc compiler'
mb-gcc -Wall -O0 -g3 -c -fmessage-length=0 -MT"src/xaxidma_example_sg_poll.o" -ID:/dario/fulgor/trabajo_final/TPF-Fulgor-2020/Ethernet/test_FIFO/workspace_dario/workspace_test_fifo/DMA_FIFO_wrapper/export/DMA_FIFO_wrapper/sw/DMA_FIFO_wrapper/standalone_domain/bspinclude/include -mlittle-endian -mcpu=v11.0 -mxl-soft-mul -Wl,--no-relax -ffunction-sections -fdata-sections -MMD -MP -MF"src/xaxidma_example_sg_poll.d" -MT"src/xaxidma_example_sg_poll.o" -o "src/xaxidma_example_sg_poll.o" "../src/xaxidma_example_sg_poll.c"
'Finished building: ../src/xaxidma_example_sg_poll.c'
' '
'Building target: test_bram.elf'
'Invoking: MicroBlaze gcc linker'
mb-gcc -Wl,-T -Wl,../src/lscript.ld -LD:/dario/fulgor/trabajo_final/TPF-Fulgor-2020/Ethernet/test_FIFO/workspace_dario/workspace_test_fifo/DMA_FIFO_wrapper/export/DMA_FIFO_wrapper/sw/DMA_FIFO_wrapper/standalone_domain/bsplib/lib -mlittle-endian -mcpu=v11.0 -mxl-soft-mul -Wl,--no-relax -Wl,--gc-sections -o "test_bram.elf"  ./src/platform.o ./src/xaxidma_example_sg_poll.o   -Wl,--start-group,-lxil,-lgcc,-lc,--end-group
'Finished building target: test_bram.elf'
' '
'Invoking: MicroBlaze Print Size'
mb-size test_bram.elf  |tee "test_bram.elf.size"
   text	   data	    bss	    dec	    hex	filename
  36156	   2004	   5288	  43448	   a9b8	test_bram.elf
'Finished building: test_bram.elf.size'
' '
