16:12:45 **** Build of project eth1_wrapper2 ****
buildplatform.sh 36207 eth1_wrapper2  
XSDB Server Channel: tcfchan#1
Building the BSP Library for domain  - standalone_domain on processor microblaze_0
Running Make include in microblaze_0/libsrc/tmrctr_v4_5/src

make -C microblaze_0/libsrc/tmrctr_v4_5/src -s include  "SHELL=/bin/sh" "COMPILER=mb-gcc" "ASSEMBLER=mb-as" "ARCHIVER=mb-ar" "C
OMPILER_FLAGS=  -O2 -c -mcpu=v11.0 -mlittle-endian -mxl-soft-mul" "EXTRA_COMPILER_FLAGS=-g -ffunction-sections -fdata-sections 
-Wall -Wextra"

Running Make include in microblaze_0/libsrc/axiethernet_v5_9/src

make -C microblaze_0/libsrc/axiethernet_v5_9/src -s include  "SHELL=/bin/sh" "COMPILER=mb-gcc" "ASSEMBLER=mb-as" "ARCHIVER=mb-a
r" "COMPILER_FLAGS=  -O2 -c -mcpu=v11.0 -mlittle-endian -mxl-soft-mul" "EXTRA_COMPILER_FLAGS=-g -ffunction-sections -fdata-sect
ions -Wall -Wextra"

Running Make include in microblaze_0/libsrc/axidma_v9_10/src

make -C microblaze_0/libsrc/axidma_v9_10/src -s include  "SHELL=/bin/sh" "COMPILER=mb-gcc" "ASSEMBLER=mb-as" "ARCHIVER=mb-ar" "
COMPILER_FLAGS=  -O2 -c -mcpu=v11.0 -mlittle-endian -mxl-soft-mul" "EXTRA_COMPILER_FLAGS=-g -ffunction-sections -fdata-sections
 -Wall -Wextra"

Running Make include in microblaze_0/libsrc/uartlite_v3_3/src

make -C microblaze_0/libsrc/uartlite_v3_3/src -s include  "SHELL=/bin/sh" "COMPILER=mb-gcc" "ASSEMBLER=mb-as" "ARCHIVER=mb-ar" 
"COMPILER_FLAGS=  -O2 -c -mcpu=v11.0 -mlittle-endian -mxl-soft-mul" "EXTRA_COMPILER_FLAGS=-g -ffunction-sections -fdata-section
s -Wall -Wextra"

Running Make include in microblaze_0/libsrc/bram_v4_3/src

make -C microblaze_0/libsrc/bram_v4_3/src -s include  "SHELL=/bin/sh" "COMPILER=mb-gcc" "ASSEMBLER=mb-as" "ARCHIVER=mb-ar" "COM
PILER_FLAGS=  -O2 -c -mcpu=v11.0 -mlittle-endian -mxl-soft-mul" "EXTRA_COMPILER_FLAGS=-g -ffunction-sections -fdata-sections -W
all -Wextra"

Running Make include in microblaze_0/libsrc/standalone_v7_1/src

make -C microblaze_0/libsrc/standalone_v7_1/src -s include  "SHELL=/bin/sh" "COMPILER=mb-gcc" "ASSEMBLER=mb-as" "ARCHIVER=mb-ar
" "COMPILER_FLAGS=  -O2 -c -mcpu=v11.0 -mlittle-endian -mxl-soft-mul" "EXTRA_COMPILER_FLAGS=-g -ffunction-sections -fdata-secti
ons -Wall -Wextra"

Running Make include in microblaze_0/libsrc/gpio_v4_5/src

make -C microblaze_0/libsrc/gpio_v4_5/src -s include  "SHELL=/bin/sh" "COMPILER=mb-gcc" "ASSEMBLER=mb-as" "ARCHIVER=mb-ar" "COM
PILER_FLAGS=  -O2 -c -mcpu=v11.0 -mlittle-endian -mxl-soft-mul" "EXTRA_COMPILER_FLAGS=-g -ffunction-sections -fdata-sections -W
all -Wextra"

Running Make include in microblaze_0/libsrc/cpu_v2_10/src

make -C microblaze_0/libsrc/cpu_v2_10/src -s include  "SHELL=/bin/sh" "COMPILER=mb-gcc" "ASSEMBLER=mb-as" "ARCHIVER=mb-ar" "COM
PILER_FLAGS=  -O2 -c -mcpu=v11.0 -mlittle-endian -mxl-soft-mul" "EXTRA_COMPILER_FLAGS=-g -ffunction-sections -fdata-sections -W
all -Wextra"

Running Make include in microblaze_0/libsrc/intc_v3_10/src

make -C microblaze_0/libsrc/intc_v3_10/src -s include  "SHELL=/bin/sh" "COMPILER=mb-gcc" "ASSEMBLER=mb-as" "ARCHIVER=mb-ar" "CO
MPILER_FLAGS=  -O2 -c -mcpu=v11.0 -mlittle-endian -mxl-soft-mul" "EXTRA_COMPILER_FLAGS=-g -ffunction-sections -fdata-sections -
Wall -Wextra"

Running Make include in microblaze_0/libsrc/lwip211_v1_1/src

make -C microblaze_0/libsrc/lwip211_v1_1/src -s include  "SHELL=/bin/sh" "COMPILER=mb-gcc" "ASSEMBLER=mb-as" "ARCHIVER=mb-ar" "
COMPILER_FLAGS=  -O2 -c -mcpu=v11.0 -mlittle-endian -mxl-soft-mul" "EXTRA_COMPILER_FLAGS=-g -ffunction-sections -fdata-sections
 -Wall -Wextra"

Running Make libs in microblaze_0/libsrc/tmrctr_v4_5/src

make -C microblaze_0/libsrc/tmrctr_v4_5/src -s libs  "SHELL=/bin/sh" "COMPILER=mb-gcc" "ASSEMBLER=mb-as" "ARCHIVER=mb-ar" "COMP
ILER_FLAGS=  -O2 -c -mcpu=v11.0 -mlittle-endian -mxl-soft-mul" "EXTRA_COMPILER_FLAGS=-g -ffunction-sections -fdata-sections -Wa
ll -Wextra"

Compiling tmrctr

mb-ar: creating ../../../lib/libxil.a
Running Make libs in microblaze_0/libsrc/axiethernet_v5_9/src

make -C microblaze_0/libsrc/axiethernet_v5_9/src -s libs  "SHELL=/bin/sh" "COMPILER=mb-gcc" "ASSEMBLER=mb-as" "ARCHIVER=mb-ar" 
"COMPILER_FLAGS=  -O2 -c -mcpu=v11.0 -mlittle-endian -mxl-soft-mul" "EXTRA_COMPILER_FLAGS=-g -ffunction-sections -fdata-section
s -Wall -Wextra"

Compiling axiethernet

Running Make libs in microblaze_0/libsrc/axidma_v9_10/src

make -C microblaze_0/libsrc/axidma_v9_10/src -s libs  "SHELL=/bin/sh" "COMPILER=mb-gcc" "ASSEMBLER=mb-as" "ARCHIVER=mb-ar" "COM
PILER_FLAGS=  -O2 -c -mcpu=v11.0 -mlittle-endian -mxl-soft-mul" "EXTRA_COMPILER_FLAGS=-g -ffunction-sections -fdata-sections -W
all -Wextra"

Compiling axidma

Running Make libs in microblaze_0/libsrc/uartlite_v3_3/src

make -C microblaze_0/libsrc/uartlite_v3_3/src -s libs  "SHELL=/bin/sh" "COMPILER=mb-gcc" "ASSEMBLER=mb-as" "ARCHIVER=mb-ar" "CO
MPILER_FLAGS=  -O2 -c -mcpu=v11.0 -mlittle-endian -mxl-soft-mul" "EXTRA_COMPILER_FLAGS=-g -ffunction-sections -fdata-sections -
Wall -Wextra"

Compiling uartlite

Running Make libs in microblaze_0/libsrc/bram_v4_3/src

make -C microblaze_0/libsrc/bram_v4_3/src -s libs  "SHELL=/bin/sh" "COMPILER=mb-gcc" "ASSEMBLER=mb-as" "ARCHIVER=mb-ar" "COMPIL
ER_FLAGS=  -O2 -c -mcpu=v11.0 -mlittle-endian -mxl-soft-mul" "EXTRA_COMPILER_FLAGS=-g -ffunction-sections -fdata-sections -Wall
 -Wextra"

Compiling bram

Running Make libs in microblaze_0/libsrc/standalone_v7_1/src

make -C microblaze_0/libsrc/standalone_v7_1/src -s libs  "SHELL=/bin/sh" "COMPILER=mb-gcc" "ASSEMBLER=mb-as" "ARCHIVER=mb-ar" "
COMPILER_FLAGS=  -O2 -c -mcpu=v11.0 -mlittle-endian -mxl-soft-mul" "EXTRA_COMPILER_FLAGS=-g -ffunction-sections -fdata-sections
 -Wall -Wextra"

Compiling standalone

microblaze_sleep.c:75:9: note: #pragma message: For the sleep routines, assembly instructions are used
 #pragma message ("For the sleep routines, assembly instructions are used")
         ^~~~~~~
Running Make libs in microblaze_0/libsrc/gpio_v4_5/src

make -C microblaze_0/libsrc/gpio_v4_5/src -s libs  "SHELL=/bin/sh" "COMPILER=mb-gcc" "ASSEMBLER=mb-as" "ARCHIVER=mb-ar" "COMPIL
ER_FLAGS=  -O2 -c -mcpu=v11.0 -mlittle-endian -mxl-soft-mul" "EXTRA_COMPILER_FLAGS=-g -ffunction-sections -fdata-sections -Wall
 -Wextra"

Compiling gpio

Running Make libs in microblaze_0/libsrc/cpu_v2_10/src

make -C microblaze_0/libsrc/cpu_v2_10/src -s libs  "SHELL=/bin/sh" "COMPILER=mb-gcc" "ASSEMBLER=mb-as" "ARCHIVER=mb-ar" "COMPIL
ER_FLAGS=  -O2 -c -mcpu=v11.0 -mlittle-endian -mxl-soft-mul" "EXTRA_COMPILER_FLAGS=-g -ffunction-sections -fdata-sections -Wall
 -Wextra"

Compiling cpu

Running Make libs in microblaze_0/libsrc/intc_v3_10/src

make -C microblaze_0/libsrc/intc_v3_10/src -s libs  "SHELL=/bin/sh" "COMPILER=mb-gcc" "ASSEMBLER=mb-as" "ARCHIVER=mb-ar" "COMPI
LER_FLAGS=  -O2 -c -mcpu=v11.0 -mlittle-endian -mxl-soft-mul" "EXTRA_COMPILER_FLAGS=-g -ffunction-sections -fdata-sections -Wal
l -Wextra"

Compiling intc

Running Make libs in microblaze_0/libsrc/lwip211_v1_1/src

make -C microblaze_0/libsrc/lwip211_v1_1/src -s libs  "SHELL=/bin/sh" "COMPILER=mb-gcc" "ASSEMBLER=mb-as" "ARCHIVER=mb-ar" "COM
PILER_FLAGS=  -O2 -c -mcpu=v11.0 -mlittle-endian -mxl-soft-mul" "EXTRA_COMPILER_FLAGS=-g -ffunction-sections -fdata-sections -W
all -Wextra"

Compiling lwip src and adapter files

contrib/ports/xilinx/netif/xaxiemacif_hw.c: In function 'init_axiemac':
contrib/ports/xilinx/netif/xaxiemacif_hw.c:54:11: warning: unused variable 'mac_address' [-Wunused-variable]
  unsigned mac_address = (unsigned)(UINTPTR)(netif->state);
           ^~~~~~~~~~~
contrib/ports/xilinx/netif/xaxiemacif_physpeed.c: In function 'get_phy_negotiated_speed':
contrib/ports/xilinx/netif/xaxiemacif_physpeed.c:199:6: warning: unused variable 'temp' [-Wunused-variable]
  u16 temp;
      ^~~~
contrib/ports/xilinx/netif/xaxiemacif_physpeed.c: In function 'get_IEEE_phy_speed':
contrib/ports/xilinx/netif/xaxiemacif_physpeed.c:600:1: warning: control reaches end of non-void function [-Wreturn-type]
 }
 ^
contrib/ports/xilinx/netif/xaxiemacif.c: In function 'xaxiemacif_init':
contrib/ports/xilinx/netif/xaxiemacif.c:681:16: warning: assignment to 'netif_output_fn' {aka 'signed char (*)(struct netif *, struct pbuf *, const struct ip4_addr *)'} from incompatible pointer type 'err_t (*)(struct netif *, struct pbuf *, ip_addr_t *)' {aka 'signed char (*)(struct netif *, struct pbuf *, struct ip4_addr *)'} [-Wincompatible-pointer-types]
  netif->output = xaxiemacif_output;
                ^
In file included from ../../../include/lwip/ip_addr.h:41,
                 from ../../../include/lwip/inet_chksum.h:43,
                 from contrib/ports/xilinx/netif/xaxiemacif_dma.c:47:
contrib/ports/xilinx/netif/xaxiemacif_dma.c: In function 'is_checksum_valid':
contrib/ports/xilinx/netif/xaxiemacif_dma.c:195:6: warning: passing argument 2 of 'inet_chksum_pseudo' makes integer from pointer without a cast [-Wint-conversion]
      (ip_addr_t *)&ehdr->ip.src, (ip_addr_t *)&ehdr->ip.dest,
      ^~~~~~~~~~~~~~~~~~~~~~~~~~
../../../include/lwip/def.h:119:29: note: in definition of macro 'htons'
 #define htons(x) lwip_htons(x)
                             ^
In file included from contrib/ports/xilinx/netif/xaxiemacif_dma.c:47:
../../../include/lwip/inet_chksum.h:81:47: note: expected 'u8_t' {aka 'unsigned char'} but argument is of type 'ip_addr_t *' {aka 'struct ip4_addr *'}
 u16_t inet_chksum_pseudo(struct pbuf *p, u8_t proto, u16_t proto_len,
                                          ~~~~~^~~~~
In file included from ../../../include/lwip/ip_addr.h:41,
                 from ../../../include/lwip/inet_chksum.h:43,
                 from contrib/ports/xilinx/netif/xaxiemacif_dma.c:47:
contrib/ports/xilinx/netif/xaxiemacif_dma.c:195:34: warning: passing argument 3 of 'inet_chksum_pseudo' makes integer from pointer without a cast [-Wint-conversion]
      (ip_addr_t *)&ehdr->ip.src, (ip_addr_t *)&ehdr->ip.dest,
                                  ^~~~~~~~~~~~~~~~~~~~~~~~~~~
../../../include/lwip/def.h:119:29: note: in definition of macro 'htons'
 #define htons(x) lwip_htons(x)
                             ^
In file included from contrib/ports/xilinx/netif/xaxiemacif_dma.c:47:
../../../include/lwip/inet_chksum.h:81:60: note: expected 'u16_t' {aka 'short unsigned int'} but argument is of type 'ip_addr_t *' {aka 'struct ip4_addr *'}
 u16_t inet_chksum_pseudo(struct pbuf *p, u8_t proto, u16_t proto_len,
                                                      ~~~~~~^~~~~~~~~
In file included from ../../../include/lwip/ip_addr.h:41,
                 from ../../../include/lwip/inet_chksum.h:43,
                 from contrib/ports/xilinx/netif/xaxiemacif_dma.c:47:
contrib/ports/xilinx/netif/xaxiemacif_dma.c:196:6: warning: passing argument 4 of 'inet_chksum_pseudo' makes pointer from integer without a cast [-Wint-conversion]
      proto, tcp_payload_len));
      ^~~~~
../../../include/lwip/def.h:119:29: note: in definition of macro 'htons'
 #define htons(x) lwip_htons(x)
                             ^
In file included from contrib/ports/xilinx/netif/xaxiemacif_dma.c:47:
../../../include/lwip/inet_chksum.h:82:26: note: expected 'const ip4_addr_t *' {aka 'const struct ip4_addr *'} but argument is of type 'u8_t' {aka 'unsigned char'}
        const ip4_addr_t *src, const ip4_addr_t *dest);
        ~~~~~~~~~~~~~~~~~~^~~
In file included from ../../../include/lwip/ip_addr.h:41,
                 from ../../../include/lwip/inet_chksum.h:43,
                 from contrib/ports/xilinx/netif/xaxiemacif_dma.c:47:
contrib/ports/xilinx/netif/xaxiemacif_dma.c:196:13: warning: passing argument 5 of 'inet_chksum_pseudo' makes pointer from integer without a cast [-Wint-conversion]
      proto, tcp_payload_len));
             ^~~~~~~~~~~~~~~
../../../include/lwip/def.h:119:29: note: in definition of macro 'htons'
 #define htons(x) lwip_htons(x)
                             ^
In file included from contrib/ports/xilinx/netif/xaxiemacif_dma.c:47:
../../../include/lwip/inet_chksum.h:82:49: note: expected 'const ip4_addr_t *' {aka 'const struct ip4_addr *'} but argument is of type 'u16_t' {aka 'short unsigned int'}
        const ip4_addr_t *src, const ip4_addr_t *dest);
                               ~~~~~~~~~~~~~~~~~~^~~~
Finished building libraries

Nothing to build in platform 'eth1_wrapper2'

16:27:20 **** Build of configuration Debug for project matpu2 ****
make all 
Building file: ../src/echo.c
Invoking: MicroBlaze gcc compiler
mb-gcc -Wall -O0 -g3 -c -fmessage-length=0 -MT"src/echo.o" -I/media/cliff/procom/elEther/repoTpf/ethernet_GMII_v1.vitis/eth1_wrapper2/export/eth1_wrapper2/sw/eth1_wrapper2/standalone_domain/bspinclude/include -mlittle-endian -mcpu=v11.0 -mxl-soft-mul -Wl,--no-relax -ffunction-sections -fdata-sections -MMD -MP -MF"src/echo.d" -MT"src/echo.o" -o "src/echo.o" "../src/echo.c"
Finished building: ../src/echo.c
 
Building file: ../src/i2c_access.c
Invoking: MicroBlaze gcc compiler
mb-gcc -Wall -O0 -g3 -c -fmessage-length=0 -MT"src/i2c_access.o" -I/media/cliff/procom/elEther/repoTpf/ethernet_GMII_v1.vitis/eth1_wrapper2/export/eth1_wrapper2/sw/eth1_wrapper2/standalone_domain/bspinclude/include -mlittle-endian -mcpu=v11.0 -mxl-soft-mul -Wl,--no-relax -ffunction-sections -fdata-sections -MMD -MP -MF"src/i2c_access.d" -MT"src/i2c_access.o" -o "src/i2c_access.o" "../src/i2c_access.c"
Finished building: ../src/i2c_access.c
 
Building file: ../src/iic_phyreset.c
Invoking: MicroBlaze gcc compiler
mb-gcc -Wall -O0 -g3 -c -fmessage-length=0 -MT"src/iic_phyreset.o" -I/media/cliff/procom/elEther/repoTpf/ethernet_GMII_v1.vitis/eth1_wrapper2/export/eth1_wrapper2/sw/eth1_wrapper2/standalone_domain/bspinclude/include -mlittle-endian -mcpu=v11.0 -mxl-soft-mul -Wl,--no-relax -ffunction-sections -fdata-sections -MMD -MP -MF"src/iic_phyreset.d" -MT"src/iic_phyreset.o" -o "src/iic_phyreset.o" "../src/iic_phyreset.c"
Finished building: ../src/iic_phyreset.c
 
Building file: ../src/main.c
Invoking: MicroBlaze gcc compiler
mb-gcc -Wall -O0 -g3 -c -fmessage-length=0 -MT"src/main.o" -I/media/cliff/procom/elEther/repoTpf/ethernet_GMII_v1.vitis/eth1_wrapper2/export/eth1_wrapper2/sw/eth1_wrapper2/standalone_domain/bspinclude/include -mlittle-endian -mcpu=v11.0 -mxl-soft-mul -Wl,--no-relax -ffunction-sections -fdata-sections -MMD -MP -MF"src/main.d" -MT"src/main.o" -o "src/main.o" "../src/main.c"
Finished building: ../src/main.c
 
Building file: ../src/platform.c
Invoking: MicroBlaze gcc compiler
mb-gcc -Wall -O0 -g3 -c -fmessage-length=0 -MT"src/platform.o" -I/media/cliff/procom/elEther/repoTpf/ethernet_GMII_v1.vitis/eth1_wrapper2/export/eth1_wrapper2/sw/eth1_wrapper2/standalone_domain/bspinclude/include -mlittle-endian -mcpu=v11.0 -mxl-soft-mul -Wl,--no-relax -ffunction-sections -fdata-sections -MMD -MP -MF"src/platform.d" -MT"src/platform.o" -o "src/platform.o" "../src/platform.c"
Finished building: ../src/platform.c
 
Building file: ../src/platform_mb.c
Invoking: MicroBlaze gcc compiler
mb-gcc -Wall -O0 -g3 -c -fmessage-length=0 -MT"src/platform_mb.o" -I/media/cliff/procom/elEther/repoTpf/ethernet_GMII_v1.vitis/eth1_wrapper2/export/eth1_wrapper2/sw/eth1_wrapper2/standalone_domain/bspinclude/include -mlittle-endian -mcpu=v11.0 -mxl-soft-mul -Wl,--no-relax -ffunction-sections -fdata-sections -MMD -MP -MF"src/platform_mb.d" -MT"src/platform_mb.o" -o "src/platform_mb.o" "../src/platform_mb.c"
Finished building: ../src/platform_mb.c
 
Building file: ../src/platform_ppc.c
Invoking: MicroBlaze gcc compiler
mb-gcc -Wall -O0 -g3 -c -fmessage-length=0 -MT"src/platform_ppc.o" -I/media/cliff/procom/elEther/repoTpf/ethernet_GMII_v1.vitis/eth1_wrapper2/export/eth1_wrapper2/sw/eth1_wrapper2/standalone_domain/bspinclude/include -mlittle-endian -mcpu=v11.0 -mxl-soft-mul -Wl,--no-relax -ffunction-sections -fdata-sections -MMD -MP -MF"src/platform_ppc.d" -MT"src/platform_ppc.o" -o "src/platform_ppc.o" "../src/platform_ppc.c"
Finished building: ../src/platform_ppc.c
 
Building file: ../src/platform_zynq.c
Invoking: MicroBlaze gcc compiler
mb-gcc -Wall -O0 -g3 -c -fmessage-length=0 -MT"src/platform_zynq.o" -I/media/cliff/procom/elEther/repoTpf/ethernet_GMII_v1.vitis/eth1_wrapper2/export/eth1_wrapper2/sw/eth1_wrapper2/standalone_domain/bspinclude/include -mlittle-endian -mcpu=v11.0 -mxl-soft-mul -Wl,--no-relax -ffunction-sections -fdata-sections -MMD -MP -MF"src/platform_zynq.d" -MT"src/platform_zynq.o" -o "src/platform_zynq.o" "../src/platform_zynq.c"
Finished building: ../src/platform_zynq.c
 
Building file: ../src/platform_zynqmp.c
Invoking: MicroBlaze gcc compiler
mb-gcc -Wall -O0 -g3 -c -fmessage-length=0 -MT"src/platform_zynqmp.o" -I/media/cliff/procom/elEther/repoTpf/ethernet_GMII_v1.vitis/eth1_wrapper2/export/eth1_wrapper2/sw/eth1_wrapper2/standalone_domain/bspinclude/include -mlittle-endian -mcpu=v11.0 -mxl-soft-mul -Wl,--no-relax -ffunction-sections -fdata-sections -MMD -MP -MF"src/platform_zynqmp.d" -MT"src/platform_zynqmp.o" -o "src/platform_zynqmp.o" "../src/platform_zynqmp.c"
Finished building: ../src/platform_zynqmp.c
 
Building file: ../src/sfp.c
Invoking: MicroBlaze gcc compiler
mb-gcc -Wall -O0 -g3 -c -fmessage-length=0 -MT"src/sfp.o" -I/media/cliff/procom/elEther/repoTpf/ethernet_GMII_v1.vitis/eth1_wrapper2/export/eth1_wrapper2/sw/eth1_wrapper2/standalone_domain/bspinclude/include -mlittle-endian -mcpu=v11.0 -mxl-soft-mul -Wl,--no-relax -ffunction-sections -fdata-sections -MMD -MP -MF"src/sfp.d" -MT"src/sfp.o" -o "src/sfp.o" "../src/sfp.c"
Finished building: ../src/sfp.c
 
Building file: ../src/si5324.c
Invoking: MicroBlaze gcc compiler
mb-gcc -Wall -O0 -g3 -c -fmessage-length=0 -MT"src/si5324.o" -I/media/cliff/procom/elEther/repoTpf/ethernet_GMII_v1.vitis/eth1_wrapper2/export/eth1_wrapper2/sw/eth1_wrapper2/standalone_domain/bspinclude/include -mlittle-endian -mcpu=v11.0 -mxl-soft-mul -Wl,--no-relax -ffunction-sections -fdata-sections -MMD -MP -MF"src/si5324.d" -MT"src/si5324.o" -o "src/si5324.o" "../src/si5324.c"
Finished building: ../src/si5324.c
 
Building target: matpu2.elf
Invoking: MicroBlaze gcc linker
mb-gcc -Wl,-T -Wl,../src/lscript.ld -L/media/cliff/procom/elEther/repoTpf/ethernet_GMII_v1.vitis/eth1_wrapper2/export/eth1_wrapper2/sw/eth1_wrapper2/standalone_domain/bsplib/lib -mlittle-endian -mcpu=v11.0 -mxl-soft-mul -Wl,--no-relax -Wl,--gc-sections -o "matpu2.elf"  ./src/echo.o ./src/i2c_access.o ./src/iic_phyreset.o ./src/main.o ./src/platform.o ./src/platform_mb.o ./src/platform_ppc.o ./src/platform_zynq.o ./src/platform_zynqmp.o ./src/sfp.o ./src/si5324.o   -Wl,--start-group,-lxil,-lgcc,-lc,--end-group -Wl,--start-group,-lxil,-llwip4,-lgcc,-lc,--end-group
Finished building target: matpu2.elf
 
Invoking: MicroBlaze Print Size
mb-size matpu2.elf  |tee "matpu2.elf.size"
   text	   data	    bss	    dec	    hex	filename
 126502	   2036	3960686	4089224	 3e6588	matpu2.elf
Finished building: matpu2.elf.size
 
16:31:39 **** Clean-only build of project eth1_wrapper2 ****
buildplatform.sh 36207 eth1_wrapper2 clean 
xsct% XSDB Server Channel: tcfchan#4
Cleaning the BSP for domain  - standalone_domain
make -C microblaze_0/libsrc/tmrctr_v4_5/src -s clean 

make -C microblaze_0/libsrc/axiethernet_v5_9/src -s clean 

make -C microblaze_0/libsrc/axidma_v9_10/src -s clean 

make -C microblaze_0/libsrc/uartlite_v3_3/src -s clean 

make -C microblaze_0/libsrc/bram_v4_3/src -s clean 

make -C microblaze_0/libsrc/standalone_v7_1/src -s clean 

make -C microblaze_0/libsrc/gpio_v4_5/src -s clean 

make -C microblaze_0/libsrc/cpu_v2_10/src -s clean 

make -C microblaze_0/libsrc/intc_v3_10/src -s clean 

make -C microblaze_0/libsrc/lwip211_v1_1/src -s clean 

rm -f microblaze_0/lib/libxil.a

16:31:48 **** Clean-only build of configuration Debug for project matpu2 ****
make clean 
rm -rf  ./src/echo.o ./src/i2c_access.o ./src/iic_phyreset.o ./src/main.o ./src/platform.o ./src/platform_mb.o ./src/platform_ppc.o ./src/platform_zynq.o ./src/platform_zynqmp.o ./src/sfp.o ./src/si5324.o  ./src/echo.d ./src/i2c_access.d ./src/iic_phyreset.d ./src/main.d ./src/platform.d ./src/platform_mb.d ./src/platform_ppc.d ./src/platform_zynq.d ./src/platform_zynqmp.d ./src/sfp.d ./src/si5324.d  matpu2.elf.size  matpu2.elf
 
16:31:49 **** Build of project eth1_wrapper2 ****
buildplatform.sh 36207 eth1_wrapper2  
XSDB Server Channel: tcfchan#5
Building the BSP Library for domain  - standalone_domain on processor microblaze_0
Running Make include in microblaze_0/libsrc/tmrctr_v4_5/src

make -C microblaze_0/libsrc/tmrctr_v4_5/src -s include  "SHELL=/bin/sh" "COMPILER=mb-gcc" "ASSEMBLER=mb-as" "ARCHIVER=mb-ar" "C
OMPILER_FLAGS=  -O2 -c -mcpu=v11.0 -mlittle-endian -mxl-soft-mul" "EXTRA_COMPILER_FLAGS=-g -ffunction-sections -fdata-sections 
-Wall -Wextra"

Running Make include in microblaze_0/libsrc/axiethernet_v5_9/src

make -C microblaze_0/libsrc/axiethernet_v5_9/src -s include  "SHELL=/bin/sh" "COMPILER=mb-gcc" "ASSEMBLER=mb-as" "ARCHIVER=mb-a
r" "COMPILER_FLAGS=  -O2 -c -mcpu=v11.0 -mlittle-endian -mxl-soft-mul" "EXTRA_COMPILER_FLAGS=-g -ffunction-sections -fdata-sect
ions -Wall -Wextra"

Running Make include in microblaze_0/libsrc/axidma_v9_10/src

make -C microblaze_0/libsrc/axidma_v9_10/src -s include  "SHELL=/bin/sh" "COMPILER=mb-gcc" "ASSEMBLER=mb-as" "ARCHIVER=mb-ar" "
COMPILER_FLAGS=  -O2 -c -mcpu=v11.0 -mlittle-endian -mxl-soft-mul" "EXTRA_COMPILER_FLAGS=-g -ffunction-sections -fdata-sections
 -Wall -Wextra"

Running Make include in microblaze_0/libsrc/uartlite_v3_3/src

make -C microblaze_0/libsrc/uartlite_v3_3/src -s include  "SHELL=/bin/sh" "COMPILER=mb-gcc" "ASSEMBLER=mb-as" "ARCHIVER=mb-ar" 
"COMPILER_FLAGS=  -O2 -c -mcpu=v11.0 -mlittle-endian -mxl-soft-mul" "EXTRA_COMPILER_FLAGS=-g -ffunction-sections -fdata-section
s -Wall -Wextra"

Running Make include in microblaze_0/libsrc/bram_v4_3/src

make -C microblaze_0/libsrc/bram_v4_3/src -s include  "SHELL=/bin/sh" "COMPILER=mb-gcc" "ASSEMBLER=mb-as" "ARCHIVER=mb-ar" "COM
PILER_FLAGS=  -O2 -c -mcpu=v11.0 -mlittle-endian -mxl-soft-mul" "EXTRA_COMPILER_FLAGS=-g -ffunction-sections -fdata-sections -W
all -Wextra"

Running Make include in microblaze_0/libsrc/standalone_v7_1/src

make -C microblaze_0/libsrc/standalone_v7_1/src -s include  "SHELL=/bin/sh" "COMPILER=mb-gcc" "ASSEMBLER=mb-as" "ARCHIVER=mb-ar
" "COMPILER_FLAGS=  -O2 -c -mcpu=v11.0 -mlittle-endian -mxl-soft-mul" "EXTRA_COMPILER_FLAGS=-g -ffunction-sections -fdata-secti
ons -Wall -Wextra"

Running Make include in microblaze_0/libsrc/gpio_v4_5/src

make -C microblaze_0/libsrc/gpio_v4_5/src -s include  "SHELL=/bin/sh" "COMPILER=mb-gcc" "ASSEMBLER=mb-as" "ARCHIVER=mb-ar" "COM
PILER_FLAGS=  -O2 -c -mcpu=v11.0 -mlittle-endian -mxl-soft-mul" "EXTRA_COMPILER_FLAGS=-g -ffunction-sections -fdata-sections -W
all -Wextra"

Running Make include in microblaze_0/libsrc/cpu_v2_10/src

make -C microblaze_0/libsrc/cpu_v2_10/src -s include  "SHELL=/bin/sh" "COMPILER=mb-gcc" "ASSEMBLER=mb-as" "ARCHIVER=mb-ar" "COM
PILER_FLAGS=  -O2 -c -mcpu=v11.0 -mlittle-endian -mxl-soft-mul" "EXTRA_COMPILER_FLAGS=-g -ffunction-sections -fdata-sections -W
all -Wextra"

Running Make include in microblaze_0/libsrc/intc_v3_10/src

make -C microblaze_0/libsrc/intc_v3_10/src -s include  "SHELL=/bin/sh" "COMPILER=mb-gcc" "ASSEMBLER=mb-as" "ARCHIVER=mb-ar" "CO
MPILER_FLAGS=  -O2 -c -mcpu=v11.0 -mlittle-endian -mxl-soft-mul" "EXTRA_COMPILER_FLAGS=-g -ffunction-sections -fdata-sections -
Wall -Wextra"

Running Make include in microblaze_0/libsrc/lwip211_v1_1/src

make -C microblaze_0/libsrc/lwip211_v1_1/src -s include  "SHELL=/bin/sh" "COMPILER=mb-gcc" "ASSEMBLER=mb-as" "ARCHIVER=mb-ar" "
COMPILER_FLAGS=  -O2 -c -mcpu=v11.0 -mlittle-endian -mxl-soft-mul" "EXTRA_COMPILER_FLAGS=-g -ffunction-sections -fdata-sections
 -Wall -Wextra"

Running Make libs in microblaze_0/libsrc/tmrctr_v4_5/src

make -C microblaze_0/libsrc/tmrctr_v4_5/src -s libs  "SHELL=/bin/sh" "COMPILER=mb-gcc" "ASSEMBLER=mb-as" "ARCHIVER=mb-ar" "COMP
ILER_FLAGS=  -O2 -c -mcpu=v11.0 -mlittle-endian -mxl-soft-mul" "EXTRA_COMPILER_FLAGS=-g -ffunction-sections -fdata-sections -Wa
ll -Wextra"

Compiling tmrctr

mb-ar: creating ../../../lib/libxil.a
Running Make libs in microblaze_0/libsrc/axiethernet_v5_9/src

make -C microblaze_0/libsrc/axiethernet_v5_9/src -s libs  "SHELL=/bin/sh" "COMPILER=mb-gcc" "ASSEMBLER=mb-as" "ARCHIVER=mb-ar" 
"COMPILER_FLAGS=  -O2 -c -mcpu=v11.0 -mlittle-endian -mxl-soft-mul" "EXTRA_COMPILER_FLAGS=-g -ffunction-sections -fdata-section
s -Wall -Wextra"

Compiling axiethernet

Running Make libs in microblaze_0/libsrc/axidma_v9_10/src

make -C microblaze_0/libsrc/axidma_v9_10/src -s libs  "SHELL=/bin/sh" "COMPILER=mb-gcc" "ASSEMBLER=mb-as" "ARCHIVER=mb-ar" "COM
PILER_FLAGS=  -O2 -c -mcpu=v11.0 -mlittle-endian -mxl-soft-mul" "EXTRA_COMPILER_FLAGS=-g -ffunction-sections -fdata-sections -W
all -Wextra"

Compiling axidma

Running Make libs in microblaze_0/libsrc/uartlite_v3_3/src

make -C microblaze_0/libsrc/uartlite_v3_3/src -s libs  "SHELL=/bin/sh" "COMPILER=mb-gcc" "ASSEMBLER=mb-as" "ARCHIVER=mb-ar" "CO
MPILER_FLAGS=  -O2 -c -mcpu=v11.0 -mlittle-endian -mxl-soft-mul" "EXTRA_COMPILER_FLAGS=-g -ffunction-sections -fdata-sections -
Wall -Wextra"

Compiling uartlite

Running Make libs in microblaze_0/libsrc/bram_v4_3/src

make -C microblaze_0/libsrc/bram_v4_3/src -s libs  "SHELL=/bin/sh" "COMPILER=mb-gcc" "ASSEMBLER=mb-as" "ARCHIVER=mb-ar" "COMPIL
ER_FLAGS=  -O2 -c -mcpu=v11.0 -mlittle-endian -mxl-soft-mul" "EXTRA_COMPILER_FLAGS=-g -ffunction-sections -fdata-sections -Wall
 -Wextra"

Compiling bram

Running Make libs in microblaze_0/libsrc/standalone_v7_1/src

make -C microblaze_0/libsrc/standalone_v7_1/src -s libs  "SHELL=/bin/sh" "COMPILER=mb-gcc" "ASSEMBLER=mb-as" "ARCHIVER=mb-ar" "
COMPILER_FLAGS=  -O2 -c -mcpu=v11.0 -mlittle-endian -mxl-soft-mul" "EXTRA_COMPILER_FLAGS=-g -ffunction-sections -fdata-sections
 -Wall -Wextra"

Compiling standalone

microblaze_sleep.c:75:9: note: #pragma message: For the sleep routines, assembly instructions are used
 #pragma message ("For the sleep routines, assembly instructions are used")
         ^~~~~~~
Running Make libs in microblaze_0/libsrc/gpio_v4_5/src

make -C microblaze_0/libsrc/gpio_v4_5/src -s libs  "SHELL=/bin/sh" "COMPILER=mb-gcc" "ASSEMBLER=mb-as" "ARCHIVER=mb-ar" "COMPIL
ER_FLAGS=  -O2 -c -mcpu=v11.0 -mlittle-endian -mxl-soft-mul" "EXTRA_COMPILER_FLAGS=-g -ffunction-sections -fdata-sections -Wall
 -Wextra"

Compiling gpio

Running Make libs in microblaze_0/libsrc/cpu_v2_10/src

make -C microblaze_0/libsrc/cpu_v2_10/src -s libs  "SHELL=/bin/sh" "COMPILER=mb-gcc" "ASSEMBLER=mb-as" "ARCHIVER=mb-ar" "COMPIL
ER_FLAGS=  -O2 -c -mcpu=v11.0 -mlittle-endian -mxl-soft-mul" "EXTRA_COMPILER_FLAGS=-g -ffunction-sections -fdata-sections -Wall
 -Wextra"

Compiling cpu

Running Make libs in microblaze_0/libsrc/intc_v3_10/src

make -C microblaze_0/libsrc/intc_v3_10/src -s libs  "SHELL=/bin/sh" "COMPILER=mb-gcc" "ASSEMBLER=mb-as" "ARCHIVER=mb-ar" "COMPI
LER_FLAGS=  -O2 -c -mcpu=v11.0 -mlittle-endian -mxl-soft-mul" "EXTRA_COMPILER_FLAGS=-g -ffunction-sections -fdata-sections -Wal
l -Wextra"

Compiling intc

Running Make libs in microblaze_0/libsrc/lwip211_v1_1/src

make -C microblaze_0/libsrc/lwip211_v1_1/src -s libs  "SHELL=/bin/sh" "COMPILER=mb-gcc" "ASSEMBLER=mb-as" "ARCHIVER=mb-ar" "COM
PILER_FLAGS=  -O2 -c -mcpu=v11.0 -mlittle-endian -mxl-soft-mul" "EXTRA_COMPILER_FLAGS=-g -ffunction-sections -fdata-sections -W
all -Wextra"

Compiling lwip src and adapter files

contrib/ports/xilinx/netif/xaxiemacif_hw.c: In function 'init_axiemac':
contrib/ports/xilinx/netif/xaxiemacif_hw.c:54:11: warning: unused variable 'mac_address' [-Wunused-variable]
  unsigned mac_address = (unsigned)(UINTPTR)(netif->state);
           ^~~~~~~~~~~
contrib/ports/xilinx/netif/xaxiemacif_physpeed.c: In function 'get_phy_negotiated_speed':
contrib/ports/xilinx/netif/xaxiemacif_physpeed.c:199:6: warning: unused variable 'temp' [-Wunused-variable]
  u16 temp;
      ^~~~
contrib/ports/xilinx/netif/xaxiemacif_physpeed.c: In function 'get_IEEE_phy_speed':
contrib/ports/xilinx/netif/xaxiemacif_physpeed.c:600:1: warning: control reaches end of non-void function [-Wreturn-type]
 }
 ^
contrib/ports/xilinx/netif/xaxiemacif.c: In function 'xaxiemacif_init':
contrib/ports/xilinx/netif/xaxiemacif.c:681:16: warning: assignment to 'netif_output_fn' {aka 'signed char (*)(struct netif *, struct pbuf *, const struct ip4_addr *)'} from incompatible pointer type 'err_t (*)(struct netif *, struct pbuf *, ip_addr_t *)' {aka 'signed char (*)(struct netif *, struct pbuf *, struct ip4_addr *)'} [-Wincompatible-pointer-types]
  netif->output = xaxiemacif_output;
                ^
In file included from ../../../include/lwip/ip_addr.h:41,
                 from ../../../include/lwip/inet_chksum.h:43,
                 from contrib/ports/xilinx/netif/xaxiemacif_dma.c:47:
contrib/ports/xilinx/netif/xaxiemacif_dma.c: In function 'is_checksum_valid':
contrib/ports/xilinx/netif/xaxiemacif_dma.c:195:6: warning: passing argument 2 of 'inet_chksum_pseudo' makes integer from pointer without a cast [-Wint-conversion]
      (ip_addr_t *)&ehdr->ip.src, (ip_addr_t *)&ehdr->ip.dest,
      ^~~~~~~~~~~~~~~~~~~~~~~~~~
../../../include/lwip/def.h:119:29: note: in definition of macro 'htons'
 #define htons(x) lwip_htons(x)
                             ^
In file included from contrib/ports/xilinx/netif/xaxiemacif_dma.c:47:
../../../include/lwip/inet_chksum.h:81:47: note: expected 'u8_t' {aka 'unsigned char'} but argument is of type 'ip_addr_t *' {aka 'struct ip4_addr *'}
 u16_t inet_chksum_pseudo(struct pbuf *p, u8_t proto, u16_t proto_len,
                                          ~~~~~^~~~~
In file included from ../../../include/lwip/ip_addr.h:41,
                 from ../../../include/lwip/inet_chksum.h:43,
                 from contrib/ports/xilinx/netif/xaxiemacif_dma.c:47:
contrib/ports/xilinx/netif/xaxiemacif_dma.c:195:34: warning: passing argument 3 of 'inet_chksum_pseudo' makes integer from pointer without a cast [-Wint-conversion]
      (ip_addr_t *)&ehdr->ip.src, (ip_addr_t *)&ehdr->ip.dest,
                                  ^~~~~~~~~~~~~~~~~~~~~~~~~~~
../../../include/lwip/def.h:119:29: note: in definition of macro 'htons'
 #define htons(x) lwip_htons(x)
                             ^
In file included from contrib/ports/xilinx/netif/xaxiemacif_dma.c:47:
../../../include/lwip/inet_chksum.h:81:60: note: expected 'u16_t' {aka 'short unsigned int'} but argument is of type 'ip_addr_t *' {aka 'struct ip4_addr *'}
 u16_t inet_chksum_pseudo(struct pbuf *p, u8_t proto, u16_t proto_len,
                                                      ~~~~~~^~~~~~~~~
In file included from ../../../include/lwip/ip_addr.h:41,
                 from ../../../include/lwip/inet_chksum.h:43,
                 from contrib/ports/xilinx/netif/xaxiemacif_dma.c:47:
contrib/ports/xilinx/netif/xaxiemacif_dma.c:196:6: warning: passing argument 4 of 'inet_chksum_pseudo' makes pointer from integer without a cast [-Wint-conversion]
      proto, tcp_payload_len));
      ^~~~~
../../../include/lwip/def.h:119:29: note: in definition of macro 'htons'
 #define htons(x) lwip_htons(x)
                             ^
In file included from contrib/ports/xilinx/netif/xaxiemacif_dma.c:47:
../../../include/lwip/inet_chksum.h:82:26: note: expected 'const ip4_addr_t *' {aka 'const struct ip4_addr *'} but argument is of type 'u8_t' {aka 'unsigned char'}
        const ip4_addr_t *src, const ip4_addr_t *dest);
        ~~~~~~~~~~~~~~~~~~^~~
In file included from ../../../include/lwip/ip_addr.h:41,
                 from ../../../include/lwip/inet_chksum.h:43,
                 from contrib/ports/xilinx/netif/xaxiemacif_dma.c:47:
contrib/ports/xilinx/netif/xaxiemacif_dma.c:196:13: warning: passing argument 5 of 'inet_chksum_pseudo' makes pointer from integer without a cast [-Wint-conversion]
      proto, tcp_payload_len));
             ^~~~~~~~~~~~~~~
../../../include/lwip/def.h:119:29: note: in definition of macro 'htons'
 #define htons(x) lwip_htons(x)
                             ^
In file included from contrib/ports/xilinx/netif/xaxiemacif_dma.c:47:
../../../include/lwip/inet_chksum.h:82:49: note: expected 'const ip4_addr_t *' {aka 'const struct ip4_addr *'} but argument is of type 'u16_t' {aka 'short unsigned int'}
        const ip4_addr_t *src, const ip4_addr_t *dest);
                               ~~~~~~~~~~~~~~~~~~^~~~
Finished building libraries

16:32:36 **** Build of configuration Debug for project matpu2 ****
make all 
Building file: ../src/echo.c
Invoking: MicroBlaze gcc compiler
mb-gcc -Wall -O0 -g3 -c -fmessage-length=0 -MT"src/echo.o" -I/media/cliff/procom/elEther/repoTpf/ethernet_GMII_v1.vitis/eth1_wrapper2/export/eth1_wrapper2/sw/eth1_wrapper2/standalone_domain/bspinclude/include -mlittle-endian -mcpu=v11.0 -mxl-soft-mul -Wl,--no-relax -ffunction-sections -fdata-sections -MMD -MP -MF"src/echo.d" -MT"src/echo.o" -o "src/echo.o" "../src/echo.c"
Finished building: ../src/echo.c
 
Building file: ../src/i2c_access.c
Invoking: MicroBlaze gcc compiler
mb-gcc -Wall -O0 -g3 -c -fmessage-length=0 -MT"src/i2c_access.o" -I/media/cliff/procom/elEther/repoTpf/ethernet_GMII_v1.vitis/eth1_wrapper2/export/eth1_wrapper2/sw/eth1_wrapper2/standalone_domain/bspinclude/include -mlittle-endian -mcpu=v11.0 -mxl-soft-mul -Wl,--no-relax -ffunction-sections -fdata-sections -MMD -MP -MF"src/i2c_access.d" -MT"src/i2c_access.o" -o "src/i2c_access.o" "../src/i2c_access.c"
Finished building: ../src/i2c_access.c
 
Building file: ../src/iic_phyreset.c
Invoking: MicroBlaze gcc compiler
mb-gcc -Wall -O0 -g3 -c -fmessage-length=0 -MT"src/iic_phyreset.o" -I/media/cliff/procom/elEther/repoTpf/ethernet_GMII_v1.vitis/eth1_wrapper2/export/eth1_wrapper2/sw/eth1_wrapper2/standalone_domain/bspinclude/include -mlittle-endian -mcpu=v11.0 -mxl-soft-mul -Wl,--no-relax -ffunction-sections -fdata-sections -MMD -MP -MF"src/iic_phyreset.d" -MT"src/iic_phyreset.o" -o "src/iic_phyreset.o" "../src/iic_phyreset.c"
Finished building: ../src/iic_phyreset.c
 
Building file: ../src/main.c
Invoking: MicroBlaze gcc compiler
mb-gcc -Wall -O0 -g3 -c -fmessage-length=0 -MT"src/main.o" -I/media/cliff/procom/elEther/repoTpf/ethernet_GMII_v1.vitis/eth1_wrapper2/export/eth1_wrapper2/sw/eth1_wrapper2/standalone_domain/bspinclude/include -mlittle-endian -mcpu=v11.0 -mxl-soft-mul -Wl,--no-relax -ffunction-sections -fdata-sections -MMD -MP -MF"src/main.d" -MT"src/main.o" -o "src/main.o" "../src/main.c"
Finished building: ../src/main.c
 
Building file: ../src/platform.c
Invoking: MicroBlaze gcc compiler
mb-gcc -Wall -O0 -g3 -c -fmessage-length=0 -MT"src/platform.o" -I/media/cliff/procom/elEther/repoTpf/ethernet_GMII_v1.vitis/eth1_wrapper2/export/eth1_wrapper2/sw/eth1_wrapper2/standalone_domain/bspinclude/include -mlittle-endian -mcpu=v11.0 -mxl-soft-mul -Wl,--no-relax -ffunction-sections -fdata-sections -MMD -MP -MF"src/platform.d" -MT"src/platform.o" -o "src/platform.o" "../src/platform.c"
Finished building: ../src/platform.c
 
Building file: ../src/platform_mb.c
Invoking: MicroBlaze gcc compiler
mb-gcc -Wall -O0 -g3 -c -fmessage-length=0 -MT"src/platform_mb.o" -I/media/cliff/procom/elEther/repoTpf/ethernet_GMII_v1.vitis/eth1_wrapper2/export/eth1_wrapper2/sw/eth1_wrapper2/standalone_domain/bspinclude/include -mlittle-endian -mcpu=v11.0 -mxl-soft-mul -Wl,--no-relax -ffunction-sections -fdata-sections -MMD -MP -MF"src/platform_mb.d" -MT"src/platform_mb.o" -o "src/platform_mb.o" "../src/platform_mb.c"
Finished building: ../src/platform_mb.c
 
Building file: ../src/platform_ppc.c
Invoking: MicroBlaze gcc compiler
mb-gcc -Wall -O0 -g3 -c -fmessage-length=0 -MT"src/platform_ppc.o" -I/media/cliff/procom/elEther/repoTpf/ethernet_GMII_v1.vitis/eth1_wrapper2/export/eth1_wrapper2/sw/eth1_wrapper2/standalone_domain/bspinclude/include -mlittle-endian -mcpu=v11.0 -mxl-soft-mul -Wl,--no-relax -ffunction-sections -fdata-sections -MMD -MP -MF"src/platform_ppc.d" -MT"src/platform_ppc.o" -o "src/platform_ppc.o" "../src/platform_ppc.c"
Finished building: ../src/platform_ppc.c
 
Building file: ../src/platform_zynq.c
Invoking: MicroBlaze gcc compiler
mb-gcc -Wall -O0 -g3 -c -fmessage-length=0 -MT"src/platform_zynq.o" -I/media/cliff/procom/elEther/repoTpf/ethernet_GMII_v1.vitis/eth1_wrapper2/export/eth1_wrapper2/sw/eth1_wrapper2/standalone_domain/bspinclude/include -mlittle-endian -mcpu=v11.0 -mxl-soft-mul -Wl,--no-relax -ffunction-sections -fdata-sections -MMD -MP -MF"src/platform_zynq.d" -MT"src/platform_zynq.o" -o "src/platform_zynq.o" "../src/platform_zynq.c"
Finished building: ../src/platform_zynq.c
 
Building file: ../src/platform_zynqmp.c
Invoking: MicroBlaze gcc compiler
mb-gcc -Wall -O0 -g3 -c -fmessage-length=0 -MT"src/platform_zynqmp.o" -I/media/cliff/procom/elEther/repoTpf/ethernet_GMII_v1.vitis/eth1_wrapper2/export/eth1_wrapper2/sw/eth1_wrapper2/standalone_domain/bspinclude/include -mlittle-endian -mcpu=v11.0 -mxl-soft-mul -Wl,--no-relax -ffunction-sections -fdata-sections -MMD -MP -MF"src/platform_zynqmp.d" -MT"src/platform_zynqmp.o" -o "src/platform_zynqmp.o" "../src/platform_zynqmp.c"
Finished building: ../src/platform_zynqmp.c
 
Building file: ../src/sfp.c
Invoking: MicroBlaze gcc compiler
mb-gcc -Wall -O0 -g3 -c -fmessage-length=0 -MT"src/sfp.o" -I/media/cliff/procom/elEther/repoTpf/ethernet_GMII_v1.vitis/eth1_wrapper2/export/eth1_wrapper2/sw/eth1_wrapper2/standalone_domain/bspinclude/include -mlittle-endian -mcpu=v11.0 -mxl-soft-mul -Wl,--no-relax -ffunction-sections -fdata-sections -MMD -MP -MF"src/sfp.d" -MT"src/sfp.o" -o "src/sfp.o" "../src/sfp.c"
Finished building: ../src/sfp.c
 
Building file: ../src/si5324.c
Invoking: MicroBlaze gcc compiler
mb-gcc -Wall -O0 -g3 -c -fmessage-length=0 -MT"src/si5324.o" -I/media/cliff/procom/elEther/repoTpf/ethernet_GMII_v1.vitis/eth1_wrapper2/export/eth1_wrapper2/sw/eth1_wrapper2/standalone_domain/bspinclude/include -mlittle-endian -mcpu=v11.0 -mxl-soft-mul -Wl,--no-relax -ffunction-sections -fdata-sections -MMD -MP -MF"src/si5324.d" -MT"src/si5324.o" -o "src/si5324.o" "../src/si5324.c"
Finished building: ../src/si5324.c
 
Building target: matpu2.elf
Invoking: MicroBlaze gcc linker
mb-gcc -Wl,-T -Wl,../src/lscript.ld -L/media/cliff/procom/elEther/repoTpf/ethernet_GMII_v1.vitis/eth1_wrapper2/export/eth1_wrapper2/sw/eth1_wrapper2/standalone_domain/bsplib/lib -mlittle-endian -mcpu=v11.0 -mxl-soft-mul -Wl,--no-relax -Wl,--gc-sections -o "matpu2.elf"  ./src/echo.o ./src/i2c_access.o ./src/iic_phyreset.o ./src/main.o ./src/platform.o ./src/platform_mb.o ./src/platform_ppc.o ./src/platform_zynq.o ./src/platform_zynqmp.o ./src/sfp.o ./src/si5324.o   -Wl,--start-group,-lxil,-lgcc,-lc,--end-group -Wl,--start-group,-lxil,-llwip4,-lgcc,-lc,--end-group
Finished building target: matpu2.elf
 
Invoking: MicroBlaze Print Size
mb-size matpu2.elf  |tee "matpu2.elf.size"
   text	   data	    bss	    dec	    hex	filename
 141429	   2040	3960739	4104208	 3ea010	matpu2.elf
Finished building: matpu2.elf.size
 
16:32:40 **** Build of configuration Debug for project matpu2_system ****
make all 
Skipping SD card image generation. Reason: The system project only has applications for microblaze processors.
16:34:09 **** Incremental Build of configuration Debug for project matpu2 ****
make all 
Building file: ../src/main.c
Invoking: MicroBlaze gcc compiler
mb-gcc -Wall -O0 -g3 -c -fmessage-length=0 -MT"src/main.o" -I/media/cliff/procom/elEther/repoTpf/ethernet_GMII_v1.vitis/eth1_wrapper2/export/eth1_wrapper2/sw/eth1_wrapper2/standalone_domain/bspinclude/include -mlittle-endian -mcpu=v11.0 -mxl-soft-mul -Wl,--no-relax -ffunction-sections -fdata-sections -MMD -MP -MF"src/main.d" -MT"src/main.o" -o "src/main.o" "../src/main.c"
Finished building: ../src/main.c
 
Building target: matpu2.elf
Invoking: MicroBlaze gcc linker
mb-gcc -Wl,-T -Wl,../src/lscript.ld -L/media/cliff/procom/elEther/repoTpf/ethernet_GMII_v1.vitis/eth1_wrapper2/export/eth1_wrapper2/sw/eth1_wrapper2/standalone_domain/bsplib/lib -mlittle-endian -mcpu=v11.0 -mxl-soft-mul -Wl,--no-relax -Wl,--gc-sections -o "matpu2.elf"  ./src/echo.o ./src/i2c_access.o ./src/iic_phyreset.o ./src/main.o ./src/platform.o ./src/platform_mb.o ./src/platform_ppc.o ./src/platform_zynq.o ./src/platform_zynqmp.o ./src/sfp.o ./src/si5324.o   -Wl,--start-group,-lxil,-lgcc,-lc,--end-group -Wl,--start-group,-lxil,-llwip4,-lgcc,-lc,--end-group
Finished building target: matpu2.elf
 
Invoking: MicroBlaze Print Size
mb-size matpu2.elf  |tee "matpu2.elf.size"
   text	   data	    bss	    dec	    hex	filename
 141429	   2040	3960739	4104208	 3ea010	matpu2.elf
Finished building: matpu2.elf.size
 
16:42:18 **** Clean-only build of project eth1_wrapper2 ****
buildplatform.sh 36207 eth1_wrapper2 clean 
XSDB Server Channel: tcfchan#9
Cleaning the BSP for domain  - standalone_domain
make -C microblaze_0/libsrc/tmrctr_v4_5/src -s clean 

make -C microblaze_0/libsrc/axiethernet_v5_9/src -s clean 

make -C microblaze_0/libsrc/axidma_v9_10/src -s clean 

make -C microblaze_0/libsrc/uartlite_v3_3/src -s clean 

make -C microblaze_0/libsrc/bram_v4_3/src -s clean 

make -C microblaze_0/libsrc/standalone_v7_1/src -s clean 

make -C microblaze_0/libsrc/gpio_v4_5/src -s clean 

make -C microblaze_0/libsrc/cpu_v2_10/src -s clean 

make -C microblaze_0/libsrc/intc_v3_10/src -s clean 

make -C microblaze_0/libsrc/lwip211_v1_1/src -s clean 

rm -f microblaze_0/lib/libxil.a

16:42:27 **** Clean-only build of configuration Debug for project matpu2 ****
make clean 
rm -rf  ./src/echo.o ./src/i2c_access.o ./src/iic_phyreset.o ./src/main.o ./src/platform.o ./src/platform_mb.o ./src/platform_ppc.o ./src/platform_zynq.o ./src/platform_zynqmp.o ./src/sfp.o ./src/si5324.o  ./src/echo.d ./src/i2c_access.d ./src/iic_phyreset.d ./src/main.d ./src/platform.d ./src/platform_mb.d ./src/platform_ppc.d ./src/platform_zynq.d ./src/platform_zynqmp.d ./src/sfp.d ./src/si5324.d  matpu2.elf.size  matpu2.elf
 
16:42:28 **** Build of project eth1_wrapper2 ****
buildplatform.sh 36207 eth1_wrapper2  
XSDB Server Channel: tcfchan#10
Building the BSP Library for domain  - standalone_domain on processor microblaze_0
Running Make include in microblaze_0/libsrc/tmrctr_v4_5/src

make -C microblaze_0/libsrc/tmrctr_v4_5/src -s include  "SHELL=/bin/sh" "COMPILER=mb-gcc" "ASSEMBLER=mb-as" "ARCHIVER=mb-ar" "C
OMPILER_FLAGS=  -O2 -c -mcpu=v11.0 -mlittle-endian -mxl-soft-mul" "EXTRA_COMPILER_FLAGS=-g -ffunction-sections -fdata-sections 
-Wall -Wextra"

Running Make include in microblaze_0/libsrc/axiethernet_v5_9/src

make -C microblaze_0/libsrc/axiethernet_v5_9/src -s include  "SHELL=/bin/sh" "COMPILER=mb-gcc" "ASSEMBLER=mb-as" "ARCHIVER=mb-a
r" "COMPILER_FLAGS=  -O2 -c -mcpu=v11.0 -mlittle-endian -mxl-soft-mul" "EXTRA_COMPILER_FLAGS=-g -ffunction-sections -fdata-sect
ions -Wall -Wextra"

Running Make include in microblaze_0/libsrc/axidma_v9_10/src

make -C microblaze_0/libsrc/axidma_v9_10/src -s include  "SHELL=/bin/sh" "COMPILER=mb-gcc" "ASSEMBLER=mb-as" "ARCHIVER=mb-ar" "
COMPILER_FLAGS=  -O2 -c -mcpu=v11.0 -mlittle-endian -mxl-soft-mul" "EXTRA_COMPILER_FLAGS=-g -ffunction-sections -fdata-sections
 -Wall -Wextra"

Running Make include in microblaze_0/libsrc/uartlite_v3_3/src

make -C microblaze_0/libsrc/uartlite_v3_3/src -s include  "SHELL=/bin/sh" "COMPILER=mb-gcc" "ASSEMBLER=mb-as" "ARCHIVER=mb-ar" 
"COMPILER_FLAGS=  -O2 -c -mcpu=v11.0 -mlittle-endian -mxl-soft-mul" "EXTRA_COMPILER_FLAGS=-g -ffunction-sections -fdata-section
s -Wall -Wextra"

Running Make include in microblaze_0/libsrc/bram_v4_3/src

make -C microblaze_0/libsrc/bram_v4_3/src -s include  "SHELL=/bin/sh" "COMPILER=mb-gcc" "ASSEMBLER=mb-as" "ARCHIVER=mb-ar" "COM
PILER_FLAGS=  -O2 -c -mcpu=v11.0 -mlittle-endian -mxl-soft-mul" "EXTRA_COMPILER_FLAGS=-g -ffunction-sections -fdata-sections -W
all -Wextra"

Running Make include in microblaze_0/libsrc/standalone_v7_1/src

make -C microblaze_0/libsrc/standalone_v7_1/src -s include  "SHELL=/bin/sh" "COMPILER=mb-gcc" "ASSEMBLER=mb-as" "ARCHIVER=mb-ar
" "COMPILER_FLAGS=  -O2 -c -mcpu=v11.0 -mlittle-endian -mxl-soft-mul" "EXTRA_COMPILER_FLAGS=-g -ffunction-sections -fdata-secti
ons -Wall -Wextra"

Running Make include in microblaze_0/libsrc/gpio_v4_5/src

make -C microblaze_0/libsrc/gpio_v4_5/src -s include  "SHELL=/bin/sh" "COMPILER=mb-gcc" "ASSEMBLER=mb-as" "ARCHIVER=mb-ar" "COM
PILER_FLAGS=  -O2 -c -mcpu=v11.0 -mlittle-endian -mxl-soft-mul" "EXTRA_COMPILER_FLAGS=-g -ffunction-sections -fdata-sections -W
all -Wextra"

Running Make include in microblaze_0/libsrc/cpu_v2_10/src

make -C microblaze_0/libsrc/cpu_v2_10/src -s include  "SHELL=/bin/sh" "COMPILER=mb-gcc" "ASSEMBLER=mb-as" "ARCHIVER=mb-ar" "COM
PILER_FLAGS=  -O2 -c -mcpu=v11.0 -mlittle-endian -mxl-soft-mul" "EXTRA_COMPILER_FLAGS=-g -ffunction-sections -fdata-sections -W
all -Wextra"

Running Make include in microblaze_0/libsrc/intc_v3_10/src

make -C microblaze_0/libsrc/intc_v3_10/src -s include  "SHELL=/bin/sh" "COMPILER=mb-gcc" "ASSEMBLER=mb-as" "ARCHIVER=mb-ar" "CO
MPILER_FLAGS=  -O2 -c -mcpu=v11.0 -mlittle-endian -mxl-soft-mul" "EXTRA_COMPILER_FLAGS=-g -ffunction-sections -fdata-sections -
Wall -Wextra"

Running Make include in microblaze_0/libsrc/lwip211_v1_1/src

make -C microblaze_0/libsrc/lwip211_v1_1/src -s include  "SHELL=/bin/sh" "COMPILER=mb-gcc" "ASSEMBLER=mb-as" "ARCHIVER=mb-ar" "
COMPILER_FLAGS=  -O2 -c -mcpu=v11.0 -mlittle-endian -mxl-soft-mul" "EXTRA_COMPILER_FLAGS=-g -ffunction-sections -fdata-sections
 -Wall -Wextra"

Running Make libs in microblaze_0/libsrc/tmrctr_v4_5/src

make -C microblaze_0/libsrc/tmrctr_v4_5/src -s libs  "SHELL=/bin/sh" "COMPILER=mb-gcc" "ASSEMBLER=mb-as" "ARCHIVER=mb-ar" "COMP
ILER_FLAGS=  -O2 -c -mcpu=v11.0 -mlittle-endian -mxl-soft-mul" "EXTRA_COMPILER_FLAGS=-g -ffunction-sections -fdata-sections -Wa
ll -Wextra"

Compiling tmrctr

mb-ar: creating ../../../lib/libxil.a
Running Make libs in microblaze_0/libsrc/axiethernet_v5_9/src

make -C microblaze_0/libsrc/axiethernet_v5_9/src -s libs  "SHELL=/bin/sh" "COMPILER=mb-gcc" "ASSEMBLER=mb-as" "ARCHIVER=mb-ar" 
"COMPILER_FLAGS=  -O2 -c -mcpu=v11.0 -mlittle-endian -mxl-soft-mul" "EXTRA_COMPILER_FLAGS=-g -ffunction-sections -fdata-section
s -Wall -Wextra"

Compiling axiethernet

Running Make libs in microblaze_0/libsrc/axidma_v9_10/src

make -C microblaze_0/libsrc/axidma_v9_10/src -s libs  "SHELL=/bin/sh" "COMPILER=mb-gcc" "ASSEMBLER=mb-as" "ARCHIVER=mb-ar" "COM
PILER_FLAGS=  -O2 -c -mcpu=v11.0 -mlittle-endian -mxl-soft-mul" "EXTRA_COMPILER_FLAGS=-g -ffunction-sections -fdata-sections -W
all -Wextra"

Compiling axidma

Running Make libs in microblaze_0/libsrc/uartlite_v3_3/src

make -C microblaze_0/libsrc/uartlite_v3_3/src -s libs  "SHELL=/bin/sh" "COMPILER=mb-gcc" "ASSEMBLER=mb-as" "ARCHIVER=mb-ar" "CO
MPILER_FLAGS=  -O2 -c -mcpu=v11.0 -mlittle-endian -mxl-soft-mul" "EXTRA_COMPILER_FLAGS=-g -ffunction-sections -fdata-sections -
Wall -Wextra"

Compiling uartlite

Running Make libs in microblaze_0/libsrc/bram_v4_3/src

make -C microblaze_0/libsrc/bram_v4_3/src -s libs  "SHELL=/bin/sh" "COMPILER=mb-gcc" "ASSEMBLER=mb-as" "ARCHIVER=mb-ar" "COMPIL
ER_FLAGS=  -O2 -c -mcpu=v11.0 -mlittle-endian -mxl-soft-mul" "EXTRA_COMPILER_FLAGS=-g -ffunction-sections -fdata-sections -Wall
 -Wextra"

Compiling bram

Running Make libs in microblaze_0/libsrc/standalone_v7_1/src

make -C microblaze_0/libsrc/standalone_v7_1/src -s libs  "SHELL=/bin/sh" "COMPILER=mb-gcc" "ASSEMBLER=mb-as" "ARCHIVER=mb-ar" "
COMPILER_FLAGS=  -O2 -c -mcpu=v11.0 -mlittle-endian -mxl-soft-mul" "EXTRA_COMPILER_FLAGS=-g -ffunction-sections -fdata-sections
 -Wall -Wextra"

Compiling standalone

microblaze_sleep.c:75:9: note: #pragma message: For the sleep routines, assembly instructions are used
 #pragma message ("For the sleep routines, assembly instructions are used")
         ^~~~~~~
Running Make libs in microblaze_0/libsrc/gpio_v4_5/src

make -C microblaze_0/libsrc/gpio_v4_5/src -s libs  "SHELL=/bin/sh" "COMPILER=mb-gcc" "ASSEMBLER=mb-as" "ARCHIVER=mb-ar" "COMPIL
ER_FLAGS=  -O2 -c -mcpu=v11.0 -mlittle-endian -mxl-soft-mul" "EXTRA_COMPILER_FLAGS=-g -ffunction-sections -fdata-sections -Wall
 -Wextra"

Compiling gpio

Running Make libs in microblaze_0/libsrc/cpu_v2_10/src

make -C microblaze_0/libsrc/cpu_v2_10/src -s libs  "SHELL=/bin/sh" "COMPILER=mb-gcc" "ASSEMBLER=mb-as" "ARCHIVER=mb-ar" "COMPIL
ER_FLAGS=  -O2 -c -mcpu=v11.0 -mlittle-endian -mxl-soft-mul" "EXTRA_COMPILER_FLAGS=-g -ffunction-sections -fdata-sections -Wall
 -Wextra"

Compiling cpu

Running Make libs in microblaze_0/libsrc/intc_v3_10/src

make -C microblaze_0/libsrc/intc_v3_10/src -s libs  "SHELL=/bin/sh" "COMPILER=mb-gcc" "ASSEMBLER=mb-as" "ARCHIVER=mb-ar" "COMPI
LER_FLAGS=  -O2 -c -mcpu=v11.0 -mlittle-endian -mxl-soft-mul" "EXTRA_COMPILER_FLAGS=-g -ffunction-sections -fdata-sections -Wal
l -Wextra"

Compiling intc

Running Make libs in microblaze_0/libsrc/lwip211_v1_1/src

make -C microblaze_0/libsrc/lwip211_v1_1/src -s libs  "SHELL=/bin/sh" "COMPILER=mb-gcc" "ASSEMBLER=mb-as" "ARCHIVER=mb-ar" "COM
PILER_FLAGS=  -O2 -c -mcpu=v11.0 -mlittle-endian -mxl-soft-mul" "EXTRA_COMPILER_FLAGS=-g -ffunction-sections -fdata-sections -W
all -Wextra"

Compiling lwip src and adapter files

contrib/ports/xilinx/netif/xaxiemacif_hw.c: In function 'init_axiemac':
contrib/ports/xilinx/netif/xaxiemacif_hw.c:54:11: warning: unused variable 'mac_address' [-Wunused-variable]
  unsigned mac_address = (unsigned)(UINTPTR)(netif->state);
           ^~~~~~~~~~~
contrib/ports/xilinx/netif/xaxiemacif_physpeed.c: In function 'get_phy_negotiated_speed':
contrib/ports/xilinx/netif/xaxiemacif_physpeed.c:199:6: warning: unused variable 'temp' [-Wunused-variable]
  u16 temp;
      ^~~~
contrib/ports/xilinx/netif/xaxiemacif_physpeed.c: In function 'get_IEEE_phy_speed':
contrib/ports/xilinx/netif/xaxiemacif_physpeed.c:600:1: warning: control reaches end of non-void function [-Wreturn-type]
 }
 ^
contrib/ports/xilinx/netif/xaxiemacif.c: In function 'xaxiemacif_init':
contrib/ports/xilinx/netif/xaxiemacif.c:681:16: warning: assignment to 'netif_output_fn' {aka 'signed char (*)(struct netif *, struct pbuf *, const struct ip4_addr *)'} from incompatible pointer type 'err_t (*)(struct netif *, struct pbuf *, ip_addr_t *)' {aka 'signed char (*)(struct netif *, struct pbuf *, struct ip4_addr *)'} [-Wincompatible-pointer-types]
  netif->output = xaxiemacif_output;
                ^
In file included from ../../../include/lwip/ip_addr.h:41,
                 from ../../../include/lwip/inet_chksum.h:43,
                 from contrib/ports/xilinx/netif/xaxiemacif_dma.c:47:
contrib/ports/xilinx/netif/xaxiemacif_dma.c: In function 'is_checksum_valid':
contrib/ports/xilinx/netif/xaxiemacif_dma.c:195:6: warning: passing argument 2 of 'inet_chksum_pseudo' makes integer from pointer without a cast [-Wint-conversion]
      (ip_addr_t *)&ehdr->ip.src, (ip_addr_t *)&ehdr->ip.dest,
      ^~~~~~~~~~~~~~~~~~~~~~~~~~
../../../include/lwip/def.h:119:29: note: in definition of macro 'htons'
 #define htons(x) lwip_htons(x)
                             ^
In file included from contrib/ports/xilinx/netif/xaxiemacif_dma.c:47:
../../../include/lwip/inet_chksum.h:81:47: note: expected 'u8_t' {aka 'unsigned char'} but argument is of type 'ip_addr_t *' {aka 'struct ip4_addr *'}
 u16_t inet_chksum_pseudo(struct pbuf *p, u8_t proto, u16_t proto_len,
                                          ~~~~~^~~~~
In file included from ../../../include/lwip/ip_addr.h:41,
                 from ../../../include/lwip/inet_chksum.h:43,
                 from contrib/ports/xilinx/netif/xaxiemacif_dma.c:47:
contrib/ports/xilinx/netif/xaxiemacif_dma.c:195:34: warning: passing argument 3 of 'inet_chksum_pseudo' makes integer from pointer without a cast [-Wint-conversion]
      (ip_addr_t *)&ehdr->ip.src, (ip_addr_t *)&ehdr->ip.dest,
                                  ^~~~~~~~~~~~~~~~~~~~~~~~~~~
../../../include/lwip/def.h:119:29: note: in definition of macro 'htons'
 #define htons(x) lwip_htons(x)
                             ^
In file included from contrib/ports/xilinx/netif/xaxiemacif_dma.c:47:
../../../include/lwip/inet_chksum.h:81:60: note: expected 'u16_t' {aka 'short unsigned int'} but argument is of type 'ip_addr_t *' {aka 'struct ip4_addr *'}
 u16_t inet_chksum_pseudo(struct pbuf *p, u8_t proto, u16_t proto_len,
                                                      ~~~~~~^~~~~~~~~
In file included from ../../../include/lwip/ip_addr.h:41,
                 from ../../../include/lwip/inet_chksum.h:43,
                 from contrib/ports/xilinx/netif/xaxiemacif_dma.c:47:
contrib/ports/xilinx/netif/xaxiemacif_dma.c:196:6: warning: passing argument 4 of 'inet_chksum_pseudo' makes pointer from integer without a cast [-Wint-conversion]
      proto, tcp_payload_len));
      ^~~~~
../../../include/lwip/def.h:119:29: note: in definition of macro 'htons'
 #define htons(x) lwip_htons(x)
                             ^
In file included from contrib/ports/xilinx/netif/xaxiemacif_dma.c:47:
../../../include/lwip/inet_chksum.h:82:26: note: expected 'const ip4_addr_t *' {aka 'const struct ip4_addr *'} but argument is of type 'u8_t' {aka 'unsigned char'}
        const ip4_addr_t *src, const ip4_addr_t *dest);
        ~~~~~~~~~~~~~~~~~~^~~
In file included from ../../../include/lwip/ip_addr.h:41,
                 from ../../../include/lwip/inet_chksum.h:43,
                 from contrib/ports/xilinx/netif/xaxiemacif_dma.c:47:
contrib/ports/xilinx/netif/xaxiemacif_dma.c:196:13: warning: passing argument 5 of 'inet_chksum_pseudo' makes pointer from integer without a cast [-Wint-conversion]
      proto, tcp_payload_len));
             ^~~~~~~~~~~~~~~
../../../include/lwip/def.h:119:29: note: in definition of macro 'htons'
 #define htons(x) lwip_htons(x)
                             ^
In file included from contrib/ports/xilinx/netif/xaxiemacif_dma.c:47:
../../../include/lwip/inet_chksum.h:82:49: note: expected 'const ip4_addr_t *' {aka 'const struct ip4_addr *'} but argument is of type 'u16_t' {aka 'short unsigned int'}
        const ip4_addr_t *src, const ip4_addr_t *dest);
                               ~~~~~~~~~~~~~~~~~~^~~~
Finished building libraries

16:43:15 **** Build of configuration Debug for project matpu2 ****
make all 
Building file: ../src/echo.c
Invoking: MicroBlaze gcc compiler
mb-gcc -Wall -O0 -g3 -c -fmessage-length=0 -MT"src/echo.o" -I/media/cliff/procom/elEther/repoTpf/ethernet_GMII_v1.vitis/eth1_wrapper2/export/eth1_wrapper2/sw/eth1_wrapper2/standalone_domain/bspinclude/include -mlittle-endian -mcpu=v11.0 -mxl-soft-mul -Wl,--no-relax -ffunction-sections -fdata-sections -MMD -MP -MF"src/echo.d" -MT"src/echo.o" -o "src/echo.o" "../src/echo.c"
Finished building: ../src/echo.c
 
Building file: ../src/i2c_access.c
Invoking: MicroBlaze gcc compiler
mb-gcc -Wall -O0 -g3 -c -fmessage-length=0 -MT"src/i2c_access.o" -I/media/cliff/procom/elEther/repoTpf/ethernet_GMII_v1.vitis/eth1_wrapper2/export/eth1_wrapper2/sw/eth1_wrapper2/standalone_domain/bspinclude/include -mlittle-endian -mcpu=v11.0 -mxl-soft-mul -Wl,--no-relax -ffunction-sections -fdata-sections -MMD -MP -MF"src/i2c_access.d" -MT"src/i2c_access.o" -o "src/i2c_access.o" "../src/i2c_access.c"
Finished building: ../src/i2c_access.c
 
Building file: ../src/iic_phyreset.c
Invoking: MicroBlaze gcc compiler
mb-gcc -Wall -O0 -g3 -c -fmessage-length=0 -MT"src/iic_phyreset.o" -I/media/cliff/procom/elEther/repoTpf/ethernet_GMII_v1.vitis/eth1_wrapper2/export/eth1_wrapper2/sw/eth1_wrapper2/standalone_domain/bspinclude/include -mlittle-endian -mcpu=v11.0 -mxl-soft-mul -Wl,--no-relax -ffunction-sections -fdata-sections -MMD -MP -MF"src/iic_phyreset.d" -MT"src/iic_phyreset.o" -o "src/iic_phyreset.o" "../src/iic_phyreset.c"
Finished building: ../src/iic_phyreset.c
 
Building file: ../src/main.c
Invoking: MicroBlaze gcc compiler
mb-gcc -Wall -O0 -g3 -c -fmessage-length=0 -MT"src/main.o" -I/media/cliff/procom/elEther/repoTpf/ethernet_GMII_v1.vitis/eth1_wrapper2/export/eth1_wrapper2/sw/eth1_wrapper2/standalone_domain/bspinclude/include -mlittle-endian -mcpu=v11.0 -mxl-soft-mul -Wl,--no-relax -ffunction-sections -fdata-sections -MMD -MP -MF"src/main.d" -MT"src/main.o" -o "src/main.o" "../src/main.c"
Finished building: ../src/main.c
 
Building file: ../src/platform.c
Invoking: MicroBlaze gcc compiler
mb-gcc -Wall -O0 -g3 -c -fmessage-length=0 -MT"src/platform.o" -I/media/cliff/procom/elEther/repoTpf/ethernet_GMII_v1.vitis/eth1_wrapper2/export/eth1_wrapper2/sw/eth1_wrapper2/standalone_domain/bspinclude/include -mlittle-endian -mcpu=v11.0 -mxl-soft-mul -Wl,--no-relax -ffunction-sections -fdata-sections -MMD -MP -MF"src/platform.d" -MT"src/platform.o" -o "src/platform.o" "../src/platform.c"
Finished building: ../src/platform.c
 
Building file: ../src/platform_mb.c
Invoking: MicroBlaze gcc compiler
mb-gcc -Wall -O0 -g3 -c -fmessage-length=0 -MT"src/platform_mb.o" -I/media/cliff/procom/elEther/repoTpf/ethernet_GMII_v1.vitis/eth1_wrapper2/export/eth1_wrapper2/sw/eth1_wrapper2/standalone_domain/bspinclude/include -mlittle-endian -mcpu=v11.0 -mxl-soft-mul -Wl,--no-relax -ffunction-sections -fdata-sections -MMD -MP -MF"src/platform_mb.d" -MT"src/platform_mb.o" -o "src/platform_mb.o" "../src/platform_mb.c"
Finished building: ../src/platform_mb.c
 
Building file: ../src/platform_ppc.c
Invoking: MicroBlaze gcc compiler
mb-gcc -Wall -O0 -g3 -c -fmessage-length=0 -MT"src/platform_ppc.o" -I/media/cliff/procom/elEther/repoTpf/ethernet_GMII_v1.vitis/eth1_wrapper2/export/eth1_wrapper2/sw/eth1_wrapper2/standalone_domain/bspinclude/include -mlittle-endian -mcpu=v11.0 -mxl-soft-mul -Wl,--no-relax -ffunction-sections -fdata-sections -MMD -MP -MF"src/platform_ppc.d" -MT"src/platform_ppc.o" -o "src/platform_ppc.o" "../src/platform_ppc.c"
Finished building: ../src/platform_ppc.c
 
Building file: ../src/platform_zynq.c
Invoking: MicroBlaze gcc compiler
mb-gcc -Wall -O0 -g3 -c -fmessage-length=0 -MT"src/platform_zynq.o" -I/media/cliff/procom/elEther/repoTpf/ethernet_GMII_v1.vitis/eth1_wrapper2/export/eth1_wrapper2/sw/eth1_wrapper2/standalone_domain/bspinclude/include -mlittle-endian -mcpu=v11.0 -mxl-soft-mul -Wl,--no-relax -ffunction-sections -fdata-sections -MMD -MP -MF"src/platform_zynq.d" -MT"src/platform_zynq.o" -o "src/platform_zynq.o" "../src/platform_zynq.c"
Finished building: ../src/platform_zynq.c
 
Building file: ../src/platform_zynqmp.c
Invoking: MicroBlaze gcc compiler
mb-gcc -Wall -O0 -g3 -c -fmessage-length=0 -MT"src/platform_zynqmp.o" -I/media/cliff/procom/elEther/repoTpf/ethernet_GMII_v1.vitis/eth1_wrapper2/export/eth1_wrapper2/sw/eth1_wrapper2/standalone_domain/bspinclude/include -mlittle-endian -mcpu=v11.0 -mxl-soft-mul -Wl,--no-relax -ffunction-sections -fdata-sections -MMD -MP -MF"src/platform_zynqmp.d" -MT"src/platform_zynqmp.o" -o "src/platform_zynqmp.o" "../src/platform_zynqmp.c"
Finished building: ../src/platform_zynqmp.c
 
Building file: ../src/sfp.c
Invoking: MicroBlaze gcc compiler
mb-gcc -Wall -O0 -g3 -c -fmessage-length=0 -MT"src/sfp.o" -I/media/cliff/procom/elEther/repoTpf/ethernet_GMII_v1.vitis/eth1_wrapper2/export/eth1_wrapper2/sw/eth1_wrapper2/standalone_domain/bspinclude/include -mlittle-endian -mcpu=v11.0 -mxl-soft-mul -Wl,--no-relax -ffunction-sections -fdata-sections -MMD -MP -MF"src/sfp.d" -MT"src/sfp.o" -o "src/sfp.o" "../src/sfp.c"
Finished building: ../src/sfp.c
 
Building file: ../src/si5324.c
Invoking: MicroBlaze gcc compiler
mb-gcc -Wall -O0 -g3 -c -fmessage-length=0 -MT"src/si5324.o" -I/media/cliff/procom/elEther/repoTpf/ethernet_GMII_v1.vitis/eth1_wrapper2/export/eth1_wrapper2/sw/eth1_wrapper2/standalone_domain/bspinclude/include -mlittle-endian -mcpu=v11.0 -mxl-soft-mul -Wl,--no-relax -ffunction-sections -fdata-sections -MMD -MP -MF"src/si5324.d" -MT"src/si5324.o" -o "src/si5324.o" "../src/si5324.c"
Finished building: ../src/si5324.c
 
Building target: matpu2.elf
Invoking: MicroBlaze gcc linker
mb-gcc -Wl,-T -Wl,../src/lscript.ld -L/media/cliff/procom/elEther/repoTpf/ethernet_GMII_v1.vitis/eth1_wrapper2/export/eth1_wrapper2/sw/eth1_wrapper2/standalone_domain/bsplib/lib -mlittle-endian -mcpu=v11.0 -mxl-soft-mul -Wl,--no-relax -Wl,--gc-sections -o "matpu2.elf"  ./src/echo.o ./src/i2c_access.o ./src/iic_phyreset.o ./src/main.o ./src/platform.o ./src/platform_mb.o ./src/platform_ppc.o ./src/platform_zynq.o ./src/platform_zynqmp.o ./src/sfp.o ./src/si5324.o   -Wl,--start-group,-lxil,-lgcc,-lc,--end-group -Wl,--start-group,-lxil,-llwip4,-lgcc,-lc,--end-group
Finished building target: matpu2.elf
 
Invoking: MicroBlaze Print Size
mb-size matpu2.elf  |tee "matpu2.elf.size"
   text	   data	    bss	    dec	    hex	filename
 138240	   2040	3960736	4101016	 3e9398	matpu2.elf
Finished building: matpu2.elf.size
 
16:43:18 **** Build of configuration Debug for project matpu2_system ****
make all 
Skipping SD card image generation. Reason: The system project only has applications for microblaze processors.
16:45:52 **** Clean-only build of project eth1_wrapper2 ****
buildplatform.sh 36207 eth1_wrapper2 clean 
XSDB Server Channel: tcfchan#12
Cleaning the BSP for domain  - standalone_domain
make -C microblaze_0/libsrc/tmrctr_v4_5/src -s clean 

make -C microblaze_0/libsrc/axiethernet_v5_9/src -s clean 

make -C microblaze_0/libsrc/axidma_v9_10/src -s clean 

make -C microblaze_0/libsrc/uartlite_v3_3/src -s clean 

make -C microblaze_0/libsrc/bram_v4_3/src -s clean 

make -C microblaze_0/libsrc/standalone_v7_1/src -s clean 

make -C microblaze_0/libsrc/gpio_v4_5/src -s clean 

make -C microblaze_0/libsrc/cpu_v2_10/src -s clean 

make -C microblaze_0/libsrc/intc_v3_10/src -s clean 

make -C microblaze_0/libsrc/lwip211_v1_1/src -s clean 

rm -f microblaze_0/lib/libxil.a

16:46:01 **** Clean-only build of configuration Debug for project matpu2 ****
make clean 
rm -rf  ./src/echo.o ./src/i2c_access.o ./src/iic_phyreset.o ./src/main.o ./src/platform.o ./src/platform_mb.o ./src/platform_ppc.o ./src/platform_zynq.o ./src/platform_zynqmp.o ./src/sfp.o ./src/si5324.o  ./src/echo.d ./src/i2c_access.d ./src/iic_phyreset.d ./src/main.d ./src/platform.d ./src/platform_mb.d ./src/platform_ppc.d ./src/platform_zynq.d ./src/platform_zynqmp.d ./src/sfp.d ./src/si5324.d  matpu2.elf.size  matpu2.elf
 
16:46:02 **** Build of project eth1_wrapper2 ****
buildplatform.sh 36207 eth1_wrapper2  
XSDB Server Channel: tcfchan#13
Building the BSP Library for domain  - standalone_domain on processor microblaze_0
Running Make include in microblaze_0/libsrc/tmrctr_v4_5/src

make -C microblaze_0/libsrc/tmrctr_v4_5/src -s include  "SHELL=/bin/sh" "COMPILER=mb-gcc" "ASSEMBLER=mb-as" "ARCHIVER=mb-ar" "C
OMPILER_FLAGS=  -O2 -c -mcpu=v11.0 -mlittle-endian -mxl-soft-mul" "EXTRA_COMPILER_FLAGS=-g -ffunction-sections -fdata-sections 
-Wall -Wextra"

Running Make include in microblaze_0/libsrc/axiethernet_v5_9/src

make -C microblaze_0/libsrc/axiethernet_v5_9/src -s include  "SHELL=/bin/sh" "COMPILER=mb-gcc" "ASSEMBLER=mb-as" "ARCHIVER=mb-a
r" "COMPILER_FLAGS=  -O2 -c -mcpu=v11.0 -mlittle-endian -mxl-soft-mul" "EXTRA_COMPILER_FLAGS=-g -ffunction-sections -fdata-sect
ions -Wall -Wextra"

Running Make include in microblaze_0/libsrc/axidma_v9_10/src

make -C microblaze_0/libsrc/axidma_v9_10/src -s include  "SHELL=/bin/sh" "COMPILER=mb-gcc" "ASSEMBLER=mb-as" "ARCHIVER=mb-ar" "
COMPILER_FLAGS=  -O2 -c -mcpu=v11.0 -mlittle-endian -mxl-soft-mul" "EXTRA_COMPILER_FLAGS=-g -ffunction-sections -fdata-sections
 -Wall -Wextra"

Running Make include in microblaze_0/libsrc/uartlite_v3_3/src

make -C microblaze_0/libsrc/uartlite_v3_3/src -s include  "SHELL=/bin/sh" "COMPILER=mb-gcc" "ASSEMBLER=mb-as" "ARCHIVER=mb-ar" 
"COMPILER_FLAGS=  -O2 -c -mcpu=v11.0 -mlittle-endian -mxl-soft-mul" "EXTRA_COMPILER_FLAGS=-g -ffunction-sections -fdata-section
s -Wall -Wextra"

Running Make include in microblaze_0/libsrc/bram_v4_3/src

make -C microblaze_0/libsrc/bram_v4_3/src -s include  "SHELL=/bin/sh" "COMPILER=mb-gcc" "ASSEMBLER=mb-as" "ARCHIVER=mb-ar" "COM
PILER_FLAGS=  -O2 -c -mcpu=v11.0 -mlittle-endian -mxl-soft-mul" "EXTRA_COMPILER_FLAGS=-g -ffunction-sections -fdata-sections -W
all -Wextra"

Running Make include in microblaze_0/libsrc/standalone_v7_1/src

make -C microblaze_0/libsrc/standalone_v7_1/src -s include  "SHELL=/bin/sh" "COMPILER=mb-gcc" "ASSEMBLER=mb-as" "ARCHIVER=mb-ar
" "COMPILER_FLAGS=  -O2 -c -mcpu=v11.0 -mlittle-endian -mxl-soft-mul" "EXTRA_COMPILER_FLAGS=-g -ffunction-sections -fdata-secti
ons -Wall -Wextra"

Running Make include in microblaze_0/libsrc/gpio_v4_5/src

make -C microblaze_0/libsrc/gpio_v4_5/src -s include  "SHELL=/bin/sh" "COMPILER=mb-gcc" "ASSEMBLER=mb-as" "ARCHIVER=mb-ar" "COM
PILER_FLAGS=  -O2 -c -mcpu=v11.0 -mlittle-endian -mxl-soft-mul" "EXTRA_COMPILER_FLAGS=-g -ffunction-sections -fdata-sections -W
all -Wextra"

Running Make include in microblaze_0/libsrc/cpu_v2_10/src

make -C microblaze_0/libsrc/cpu_v2_10/src -s include  "SHELL=/bin/sh" "COMPILER=mb-gcc" "ASSEMBLER=mb-as" "ARCHIVER=mb-ar" "COM
PILER_FLAGS=  -O2 -c -mcpu=v11.0 -mlittle-endian -mxl-soft-mul" "EXTRA_COMPILER_FLAGS=-g -ffunction-sections -fdata-sections -W
all -Wextra"

Running Make include in microblaze_0/libsrc/intc_v3_10/src

make -C microblaze_0/libsrc/intc_v3_10/src -s include  "SHELL=/bin/sh" "COMPILER=mb-gcc" "ASSEMBLER=mb-as" "ARCHIVER=mb-ar" "CO
MPILER_FLAGS=  -O2 -c -mcpu=v11.0 -mlittle-endian -mxl-soft-mul" "EXTRA_COMPILER_FLAGS=-g -ffunction-sections -fdata-sections -
Wall -Wextra"

Running Make include in microblaze_0/libsrc/lwip211_v1_1/src

make -C microblaze_0/libsrc/lwip211_v1_1/src -s include  "SHELL=/bin/sh" "COMPILER=mb-gcc" "ASSEMBLER=mb-as" "ARCHIVER=mb-ar" "
COMPILER_FLAGS=  -O2 -c -mcpu=v11.0 -mlittle-endian -mxl-soft-mul" "EXTRA_COMPILER_FLAGS=-g -ffunction-sections -fdata-sections
 -Wall -Wextra"

Running Make libs in microblaze_0/libsrc/tmrctr_v4_5/src

make -C microblaze_0/libsrc/tmrctr_v4_5/src -s libs  "SHELL=/bin/sh" "COMPILER=mb-gcc" "ASSEMBLER=mb-as" "ARCHIVER=mb-ar" "COMP
ILER_FLAGS=  -O2 -c -mcpu=v11.0 -mlittle-endian -mxl-soft-mul" "EXTRA_COMPILER_FLAGS=-g -ffunction-sections -fdata-sections -Wa
ll -Wextra"

Compiling tmrctr

mb-ar: creating ../../../lib/libxil.a
Running Make libs in microblaze_0/libsrc/axiethernet_v5_9/src

make -C microblaze_0/libsrc/axiethernet_v5_9/src -s libs  "SHELL=/bin/sh" "COMPILER=mb-gcc" "ASSEMBLER=mb-as" "ARCHIVER=mb-ar" 
"COMPILER_FLAGS=  -O2 -c -mcpu=v11.0 -mlittle-endian -mxl-soft-mul" "EXTRA_COMPILER_FLAGS=-g -ffunction-sections -fdata-section
s -Wall -Wextra"

Compiling axiethernet

Running Make libs in microblaze_0/libsrc/axidma_v9_10/src

make -C microblaze_0/libsrc/axidma_v9_10/src -s libs  "SHELL=/bin/sh" "COMPILER=mb-gcc" "ASSEMBLER=mb-as" "ARCHIVER=mb-ar" "COM
PILER_FLAGS=  -O2 -c -mcpu=v11.0 -mlittle-endian -mxl-soft-mul" "EXTRA_COMPILER_FLAGS=-g -ffunction-sections -fdata-sections -W
all -Wextra"

Compiling axidma

Running Make libs in microblaze_0/libsrc/uartlite_v3_3/src

make -C microblaze_0/libsrc/uartlite_v3_3/src -s libs  "SHELL=/bin/sh" "COMPILER=mb-gcc" "ASSEMBLER=mb-as" "ARCHIVER=mb-ar" "CO
MPILER_FLAGS=  -O2 -c -mcpu=v11.0 -mlittle-endian -mxl-soft-mul" "EXTRA_COMPILER_FLAGS=-g -ffunction-sections -fdata-sections -
Wall -Wextra"

Compiling uartlite

Running Make libs in microblaze_0/libsrc/bram_v4_3/src

make -C microblaze_0/libsrc/bram_v4_3/src -s libs  "SHELL=/bin/sh" "COMPILER=mb-gcc" "ASSEMBLER=mb-as" "ARCHIVER=mb-ar" "COMPIL
ER_FLAGS=  -O2 -c -mcpu=v11.0 -mlittle-endian -mxl-soft-mul" "EXTRA_COMPILER_FLAGS=-g -ffunction-sections -fdata-sections -Wall
 -Wextra"

Compiling bram

Running Make libs in microblaze_0/libsrc/standalone_v7_1/src

make -C microblaze_0/libsrc/standalone_v7_1/src -s libs  "SHELL=/bin/sh" "COMPILER=mb-gcc" "ASSEMBLER=mb-as" "ARCHIVER=mb-ar" "
COMPILER_FLAGS=  -O2 -c -mcpu=v11.0 -mlittle-endian -mxl-soft-mul" "EXTRA_COMPILER_FLAGS=-g -ffunction-sections -fdata-sections
 -Wall -Wextra"

Compiling standalone

microblaze_sleep.c:75:9: note: #pragma message: For the sleep routines, assembly instructions are used
 #pragma message ("For the sleep routines, assembly instructions are used")
         ^~~~~~~
Running Make libs in microblaze_0/libsrc/gpio_v4_5/src

make -C microblaze_0/libsrc/gpio_v4_5/src -s libs  "SHELL=/bin/sh" "COMPILER=mb-gcc" "ASSEMBLER=mb-as" "ARCHIVER=mb-ar" "COMPIL
ER_FLAGS=  -O2 -c -mcpu=v11.0 -mlittle-endian -mxl-soft-mul" "EXTRA_COMPILER_FLAGS=-g -ffunction-sections -fdata-sections -Wall
 -Wextra"

Compiling gpio

Running Make libs in microblaze_0/libsrc/cpu_v2_10/src

make -C microblaze_0/libsrc/cpu_v2_10/src -s libs  "SHELL=/bin/sh" "COMPILER=mb-gcc" "ASSEMBLER=mb-as" "ARCHIVER=mb-ar" "COMPIL
ER_FLAGS=  -O2 -c -mcpu=v11.0 -mlittle-endian -mxl-soft-mul" "EXTRA_COMPILER_FLAGS=-g -ffunction-sections -fdata-sections -Wall
 -Wextra"

Compiling cpu

Running Make libs in microblaze_0/libsrc/intc_v3_10/src

make -C microblaze_0/libsrc/intc_v3_10/src -s libs  "SHELL=/bin/sh" "COMPILER=mb-gcc" "ASSEMBLER=mb-as" "ARCHIVER=mb-ar" "COMPI
LER_FLAGS=  -O2 -c -mcpu=v11.0 -mlittle-endian -mxl-soft-mul" "EXTRA_COMPILER_FLAGS=-g -ffunction-sections -fdata-sections -Wal
l -Wextra"

Compiling intc

Running Make libs in microblaze_0/libsrc/lwip211_v1_1/src

make -C microblaze_0/libsrc/lwip211_v1_1/src -s libs  "SHELL=/bin/sh" "COMPILER=mb-gcc" "ASSEMBLER=mb-as" "ARCHIVER=mb-ar" "COM
PILER_FLAGS=  -O2 -c -mcpu=v11.0 -mlittle-endian -mxl-soft-mul" "EXTRA_COMPILER_FLAGS=-g -ffunction-sections -fdata-sections -W
all -Wextra"

Compiling lwip src and adapter files

contrib/ports/xilinx/netif/xaxiemacif_hw.c: In function 'init_axiemac':
contrib/ports/xilinx/netif/xaxiemacif_hw.c:54:11: warning: unused variable 'mac_address' [-Wunused-variable]
  unsigned mac_address = (unsigned)(UINTPTR)(netif->state);
           ^~~~~~~~~~~
contrib/ports/xilinx/netif/xaxiemacif_physpeed.c: In function 'get_phy_negotiated_speed':
contrib/ports/xilinx/netif/xaxiemacif_physpeed.c:199:6: warning: unused variable 'temp' [-Wunused-variable]
  u16 temp;
      ^~~~
contrib/ports/xilinx/netif/xaxiemacif_physpeed.c: In function 'get_IEEE_phy_speed':
contrib/ports/xilinx/netif/xaxiemacif_physpeed.c:600:1: warning: control reaches end of non-void function [-Wreturn-type]
 }
 ^
contrib/ports/xilinx/netif/xaxiemacif.c: In function 'xaxiemacif_init':
contrib/ports/xilinx/netif/xaxiemacif.c:681:16: warning: assignment to 'netif_output_fn' {aka 'signed char (*)(struct netif *, struct pbuf *, const struct ip4_addr *)'} from incompatible pointer type 'err_t (*)(struct netif *, struct pbuf *, ip_addr_t *)' {aka 'signed char (*)(struct netif *, struct pbuf *, struct ip4_addr *)'} [-Wincompatible-pointer-types]
  netif->output = xaxiemacif_output;
                ^
In file included from ../../../include/lwip/ip_addr.h:41,
                 from ../../../include/lwip/inet_chksum.h:43,
                 from contrib/ports/xilinx/netif/xaxiemacif_dma.c:47:
contrib/ports/xilinx/netif/xaxiemacif_dma.c: In function 'is_checksum_valid':
contrib/ports/xilinx/netif/xaxiemacif_dma.c:195:6: warning: passing argument 2 of 'inet_chksum_pseudo' makes integer from pointer without a cast [-Wint-conversion]
      (ip_addr_t *)&ehdr->ip.src, (ip_addr_t *)&ehdr->ip.dest,
      ^~~~~~~~~~~~~~~~~~~~~~~~~~
../../../include/lwip/def.h:119:29: note: in definition of macro 'htons'
 #define htons(x) lwip_htons(x)
                             ^
In file included from contrib/ports/xilinx/netif/xaxiemacif_dma.c:47:
../../../include/lwip/inet_chksum.h:81:47: note: expected 'u8_t' {aka 'unsigned char'} but argument is of type 'ip_addr_t *' {aka 'struct ip4_addr *'}
 u16_t inet_chksum_pseudo(struct pbuf *p, u8_t proto, u16_t proto_len,
                                          ~~~~~^~~~~
In file included from ../../../include/lwip/ip_addr.h:41,
                 from ../../../include/lwip/inet_chksum.h:43,
                 from contrib/ports/xilinx/netif/xaxiemacif_dma.c:47:
contrib/ports/xilinx/netif/xaxiemacif_dma.c:195:34: warning: passing argument 3 of 'inet_chksum_pseudo' makes integer from pointer without a cast [-Wint-conversion]
      (ip_addr_t *)&ehdr->ip.src, (ip_addr_t *)&ehdr->ip.dest,
                                  ^~~~~~~~~~~~~~~~~~~~~~~~~~~
../../../include/lwip/def.h:119:29: note: in definition of macro 'htons'
 #define htons(x) lwip_htons(x)
                             ^
In file included from contrib/ports/xilinx/netif/xaxiemacif_dma.c:47:
../../../include/lwip/inet_chksum.h:81:60: note: expected 'u16_t' {aka 'short unsigned int'} but argument is of type 'ip_addr_t *' {aka 'struct ip4_addr *'}
 u16_t inet_chksum_pseudo(struct pbuf *p, u8_t proto, u16_t proto_len,
                                                      ~~~~~~^~~~~~~~~
In file included from ../../../include/lwip/ip_addr.h:41,
                 from ../../../include/lwip/inet_chksum.h:43,
                 from contrib/ports/xilinx/netif/xaxiemacif_dma.c:47:
contrib/ports/xilinx/netif/xaxiemacif_dma.c:196:6: warning: passing argument 4 of 'inet_chksum_pseudo' makes pointer from integer without a cast [-Wint-conversion]
      proto, tcp_payload_len));
      ^~~~~
../../../include/lwip/def.h:119:29: note: in definition of macro 'htons'
 #define htons(x) lwip_htons(x)
                             ^
In file included from contrib/ports/xilinx/netif/xaxiemacif_dma.c:47:
../../../include/lwip/inet_chksum.h:82:26: note: expected 'const ip4_addr_t *' {aka 'const struct ip4_addr *'} but argument is of type 'u8_t' {aka 'unsigned char'}
        const ip4_addr_t *src, const ip4_addr_t *dest);
        ~~~~~~~~~~~~~~~~~~^~~
In file included from ../../../include/lwip/ip_addr.h:41,
                 from ../../../include/lwip/inet_chksum.h:43,
                 from contrib/ports/xilinx/netif/xaxiemacif_dma.c:47:
contrib/ports/xilinx/netif/xaxiemacif_dma.c:196:13: warning: passing argument 5 of 'inet_chksum_pseudo' makes pointer from integer without a cast [-Wint-conversion]
      proto, tcp_payload_len));
             ^~~~~~~~~~~~~~~
../../../include/lwip/def.h:119:29: note: in definition of macro 'htons'
 #define htons(x) lwip_htons(x)
                             ^
In file included from contrib/ports/xilinx/netif/xaxiemacif_dma.c:47:
../../../include/lwip/inet_chksum.h:82:49: note: expected 'const ip4_addr_t *' {aka 'const struct ip4_addr *'} but argument is of type 'u16_t' {aka 'short unsigned int'}
        const ip4_addr_t *src, const ip4_addr_t *dest);
                               ~~~~~~~~~~~~~~~~~~^~~~
Finished building libraries

16:46:42 **** Build of configuration Debug for project matpu2 ****
make all 
Building file: ../src/echo.c
Invoking: MicroBlaze gcc compiler
mb-gcc -Wall -O0 -g3 -c -fmessage-length=0 -MT"src/echo.o" -I/media/cliff/procom/elEther/repoTpf/ethernet_GMII_v1.vitis/eth1_wrapper2/export/eth1_wrapper2/sw/eth1_wrapper2/standalone_domain/bspinclude/include -mlittle-endian -mcpu=v11.0 -mxl-soft-mul -Wl,--no-relax -ffunction-sections -fdata-sections -MMD -MP -MF"src/echo.d" -MT"src/echo.o" -o "src/echo.o" "../src/echo.c"
Finished building: ../src/echo.c
 
Building file: ../src/i2c_access.c
Invoking: MicroBlaze gcc compiler
mb-gcc -Wall -O0 -g3 -c -fmessage-length=0 -MT"src/i2c_access.o" -I/media/cliff/procom/elEther/repoTpf/ethernet_GMII_v1.vitis/eth1_wrapper2/export/eth1_wrapper2/sw/eth1_wrapper2/standalone_domain/bspinclude/include -mlittle-endian -mcpu=v11.0 -mxl-soft-mul -Wl,--no-relax -ffunction-sections -fdata-sections -MMD -MP -MF"src/i2c_access.d" -MT"src/i2c_access.o" -o "src/i2c_access.o" "../src/i2c_access.c"
Finished building: ../src/i2c_access.c
 
Building file: ../src/iic_phyreset.c
Invoking: MicroBlaze gcc compiler
mb-gcc -Wall -O0 -g3 -c -fmessage-length=0 -MT"src/iic_phyreset.o" -I/media/cliff/procom/elEther/repoTpf/ethernet_GMII_v1.vitis/eth1_wrapper2/export/eth1_wrapper2/sw/eth1_wrapper2/standalone_domain/bspinclude/include -mlittle-endian -mcpu=v11.0 -mxl-soft-mul -Wl,--no-relax -ffunction-sections -fdata-sections -MMD -MP -MF"src/iic_phyreset.d" -MT"src/iic_phyreset.o" -o "src/iic_phyreset.o" "../src/iic_phyreset.c"
Finished building: ../src/iic_phyreset.c
 
Building file: ../src/main.c
Invoking: MicroBlaze gcc compiler
mb-gcc -Wall -O0 -g3 -c -fmessage-length=0 -MT"src/main.o" -I/media/cliff/procom/elEther/repoTpf/ethernet_GMII_v1.vitis/eth1_wrapper2/export/eth1_wrapper2/sw/eth1_wrapper2/standalone_domain/bspinclude/include -mlittle-endian -mcpu=v11.0 -mxl-soft-mul -Wl,--no-relax -ffunction-sections -fdata-sections -MMD -MP -MF"src/main.d" -MT"src/main.o" -o "src/main.o" "../src/main.c"
Finished building: ../src/main.c
 
Building file: ../src/platform.c
Invoking: MicroBlaze gcc compiler
mb-gcc -Wall -O0 -g3 -c -fmessage-length=0 -MT"src/platform.o" -I/media/cliff/procom/elEther/repoTpf/ethernet_GMII_v1.vitis/eth1_wrapper2/export/eth1_wrapper2/sw/eth1_wrapper2/standalone_domain/bspinclude/include -mlittle-endian -mcpu=v11.0 -mxl-soft-mul -Wl,--no-relax -ffunction-sections -fdata-sections -MMD -MP -MF"src/platform.d" -MT"src/platform.o" -o "src/platform.o" "../src/platform.c"
Finished building: ../src/platform.c
 
Building file: ../src/platform_mb.c
Invoking: MicroBlaze gcc compiler
mb-gcc -Wall -O0 -g3 -c -fmessage-length=0 -MT"src/platform_mb.o" -I/media/cliff/procom/elEther/repoTpf/ethernet_GMII_v1.vitis/eth1_wrapper2/export/eth1_wrapper2/sw/eth1_wrapper2/standalone_domain/bspinclude/include -mlittle-endian -mcpu=v11.0 -mxl-soft-mul -Wl,--no-relax -ffunction-sections -fdata-sections -MMD -MP -MF"src/platform_mb.d" -MT"src/platform_mb.o" -o "src/platform_mb.o" "../src/platform_mb.c"
Finished building: ../src/platform_mb.c
 
Building file: ../src/platform_ppc.c
Invoking: MicroBlaze gcc compiler
mb-gcc -Wall -O0 -g3 -c -fmessage-length=0 -MT"src/platform_ppc.o" -I/media/cliff/procom/elEther/repoTpf/ethernet_GMII_v1.vitis/eth1_wrapper2/export/eth1_wrapper2/sw/eth1_wrapper2/standalone_domain/bspinclude/include -mlittle-endian -mcpu=v11.0 -mxl-soft-mul -Wl,--no-relax -ffunction-sections -fdata-sections -MMD -MP -MF"src/platform_ppc.d" -MT"src/platform_ppc.o" -o "src/platform_ppc.o" "../src/platform_ppc.c"
Finished building: ../src/platform_ppc.c
 
Building file: ../src/platform_zynq.c
Invoking: MicroBlaze gcc compiler
mb-gcc -Wall -O0 -g3 -c -fmessage-length=0 -MT"src/platform_zynq.o" -I/media/cliff/procom/elEther/repoTpf/ethernet_GMII_v1.vitis/eth1_wrapper2/export/eth1_wrapper2/sw/eth1_wrapper2/standalone_domain/bspinclude/include -mlittle-endian -mcpu=v11.0 -mxl-soft-mul -Wl,--no-relax -ffunction-sections -fdata-sections -MMD -MP -MF"src/platform_zynq.d" -MT"src/platform_zynq.o" -o "src/platform_zynq.o" "../src/platform_zynq.c"
Finished building: ../src/platform_zynq.c
 
Building file: ../src/platform_zynqmp.c
Invoking: MicroBlaze gcc compiler
mb-gcc -Wall -O0 -g3 -c -fmessage-length=0 -MT"src/platform_zynqmp.o" -I/media/cliff/procom/elEther/repoTpf/ethernet_GMII_v1.vitis/eth1_wrapper2/export/eth1_wrapper2/sw/eth1_wrapper2/standalone_domain/bspinclude/include -mlittle-endian -mcpu=v11.0 -mxl-soft-mul -Wl,--no-relax -ffunction-sections -fdata-sections -MMD -MP -MF"src/platform_zynqmp.d" -MT"src/platform_zynqmp.o" -o "src/platform_zynqmp.o" "../src/platform_zynqmp.c"
Finished building: ../src/platform_zynqmp.c
 
Building file: ../src/sfp.c
Invoking: MicroBlaze gcc compiler
mb-gcc -Wall -O0 -g3 -c -fmessage-length=0 -MT"src/sfp.o" -I/media/cliff/procom/elEther/repoTpf/ethernet_GMII_v1.vitis/eth1_wrapper2/export/eth1_wrapper2/sw/eth1_wrapper2/standalone_domain/bspinclude/include -mlittle-endian -mcpu=v11.0 -mxl-soft-mul -Wl,--no-relax -ffunction-sections -fdata-sections -MMD -MP -MF"src/sfp.d" -MT"src/sfp.o" -o "src/sfp.o" "../src/sfp.c"
Finished building: ../src/sfp.c
 
Building file: ../src/si5324.c
Invoking: MicroBlaze gcc compiler
mb-gcc -Wall -O0 -g3 -c -fmessage-length=0 -MT"src/si5324.o" -I/media/cliff/procom/elEther/repoTpf/ethernet_GMII_v1.vitis/eth1_wrapper2/export/eth1_wrapper2/sw/eth1_wrapper2/standalone_domain/bspinclude/include -mlittle-endian -mcpu=v11.0 -mxl-soft-mul -Wl,--no-relax -ffunction-sections -fdata-sections -MMD -MP -MF"src/si5324.d" -MT"src/si5324.o" -o "src/si5324.o" "../src/si5324.c"
Finished building: ../src/si5324.c
 
Building target: matpu2.elf
[...]
PILER_FLAGS=  -O2 -c -mcpu=v11.0 -mlittle-endian -mxl-soft-mul" "EXTRA_COMPILER_FLAGS=-g -ffunction-sections -fdata-sections -W
all -Wextra"

Compiling lwip src and adapter files

contrib/ports/xilinx/netif/xaxiemacif_hw.c: In function 'init_axiemac':
contrib/ports/xilinx/netif/xaxiemacif_hw.c:54:11: warning: unused variable 'mac_address' [-Wunused-variable]
  unsigned mac_address = (unsigned)(UINTPTR)(netif->state);
           ^~~~~~~~~~~
contrib/ports/xilinx/netif/xaxiemacif_physpeed.c: In function 'get_phy_negotiated_speed':
contrib/ports/xilinx/netif/xaxiemacif_physpeed.c:199:6: warning: unused variable 'temp' [-Wunused-variable]
  u16 temp;
      ^~~~
contrib/ports/xilinx/netif/xaxiemacif_physpeed.c: In function 'get_IEEE_phy_speed':
contrib/ports/xilinx/netif/xaxiemacif_physpeed.c:600:1: warning: control reaches end of non-void function [-Wreturn-type]
 }
 ^
contrib/ports/xilinx/netif/xaxiemacif.c: In function 'xaxiemacif_init':
contrib/ports/xilinx/netif/xaxiemacif.c:681:16: warning: assignment to 'netif_output_fn' {aka 'signed char (*)(struct netif *, struct pbuf *, const struct ip4_addr *)'} from incompatible pointer type 'err_t (*)(struct netif *, struct pbuf *, ip_addr_t *)' {aka 'signed char (*)(struct netif *, struct pbuf *, struct ip4_addr *)'} [-Wincompatible-pointer-types]
  netif->output = xaxiemacif_output;
                ^
In file included from ../../../include/lwip/ip_addr.h:41,
                 from ../../../include/lwip/inet_chksum.h:43,
                 from contrib/ports/xilinx/netif/xaxiemacif_dma.c:47:
contrib/ports/xilinx/netif/xaxiemacif_dma.c: In function 'is_checksum_valid':
contrib/ports/xilinx/netif/xaxiemacif_dma.c:195:6: warning: passing argument 2 of 'inet_chksum_pseudo' makes integer from pointer without a cast [-Wint-conversion]
      (ip_addr_t *)&ehdr->ip.src, (ip_addr_t *)&ehdr->ip.dest,
      ^~~~~~~~~~~~~~~~~~~~~~~~~~
../../../include/lwip/def.h:119:29: note: in definition of macro 'htons'
 #define htons(x) lwip_htons(x)
                             ^
In file included from contrib/ports/xilinx/netif/xaxiemacif_dma.c:47:
../../../include/lwip/inet_chksum.h:81:47: note: expected 'u8_t' {aka 'unsigned char'} but argument is of type 'ip_addr_t *' {aka 'struct ip4_addr *'}
 u16_t inet_chksum_pseudo(struct pbuf *p, u8_t proto, u16_t proto_len,
                                          ~~~~~^~~~~
In file included from ../../../include/lwip/ip_addr.h:41,
                 from ../../../include/lwip/inet_chksum.h:43,
                 from contrib/ports/xilinx/netif/xaxiemacif_dma.c:47:
contrib/ports/xilinx/netif/xaxiemacif_dma.c:195:34: warning: passing argument 3 of 'inet_chksum_pseudo' makes integer from pointer without a cast [-Wint-conversion]
      (ip_addr_t *)&ehdr->ip.src, (ip_addr_t *)&ehdr->ip.dest,
                                  ^~~~~~~~~~~~~~~~~~~~~~~~~~~
../../../include/lwip/def.h:119:29: note: in definition of macro 'htons'
 #define htons(x) lwip_htons(x)
                             ^
In file included from contrib/ports/xilinx/netif/xaxiemacif_dma.c:47:
../../../include/lwip/inet_chksum.h:81:60: note: expected 'u16_t' {aka 'short unsigned int'} but argument is of type 'ip_addr_t *' {aka 'struct ip4_addr *'}
 u16_t inet_chksum_pseudo(struct pbuf *p, u8_t proto, u16_t proto_len,
                                                      ~~~~~~^~~~~~~~~
In file included from ../../../include/lwip/ip_addr.h:41,
                 from ../../../include/lwip/inet_chksum.h:43,
                 from contrib/ports/xilinx/netif/xaxiemacif_dma.c:47:
contrib/ports/xilinx/netif/xaxiemacif_dma.c:196:6: warning: passing argument 4 of 'inet_chksum_pseudo' makes pointer from integer without a cast [-Wint-conversion]
      proto, tcp_payload_len));
      ^~~~~
../../../include/lwip/def.h:119:29: note: in definition of macro 'htons'
 #define htons(x) lwip_htons(x)
                             ^
In file included from contrib/ports/xilinx/netif/xaxiemacif_dma.c:47:
../../../include/lwip/inet_chksum.h:82:26: note: expected 'const ip4_addr_t *' {aka 'const struct ip4_addr *'} but argument is of type 'u8_t' {aka 'unsigned char'}
        const ip4_addr_t *src, const ip4_addr_t *dest);
        ~~~~~~~~~~~~~~~~~~^~~
In file included from ../../../include/lwip/ip_addr.h:41,
                 from ../../../include/lwip/inet_chksum.h:43,
                 from contrib/ports/xilinx/netif/xaxiemacif_dma.c:47:
contrib/ports/xilinx/netif/xaxiemacif_dma.c:196:13: warning: passing argument 5 of 'inet_chksum_pseudo' makes pointer from integer without a cast [-Wint-conversion]
      proto, tcp_payload_len));
             ^~~~~~~~~~~~~~~
../../../include/lwip/def.h:119:29: note: in definition of macro 'htons'
 #define htons(x) lwip_htons(x)
                             ^
In file included from contrib/ports/xilinx/netif/xaxiemacif_dma.c:47:
../../../include/lwip/inet_chksum.h:82:49: note: expected 'const ip4_addr_t *' {aka 'const struct ip4_addr *'} but argument is of type 'u16_t' {aka 'short unsigned int'}
        const ip4_addr_t *src, const ip4_addr_t *dest);
                               ~~~~~~~~~~~~~~~~~~^~~~
Finished building libraries

14:38:27 **** Build of configuration Debug for project matpu2 ****
make all 
Building file: ../src/echo.c
Invoking: MicroBlaze gcc compiler
mb-gcc -Wall -O0 -g3 -c -fmessage-length=0 -MT"src/echo.o" -I/media/cliff/procom/elEther/repoTpf/ethernet_GMII_v1.vitis/eth1_wrapper2/export/eth1_wrapper2/sw/eth1_wrapper2/standalone_domain/bspinclude/include -mlittle-endian -mcpu=v11.0 -mxl-soft-mul -Wl,--no-relax -ffunction-sections -fdata-sections -MMD -MP -MF"src/echo.d" -MT"src/echo.o" -o "src/echo.o" "../src/echo.c"
Finished building: ../src/echo.c
 
Building file: ../src/i2c_access.c
Invoking: MicroBlaze gcc compiler
mb-gcc -Wall -O0 -g3 -c -fmessage-length=0 -MT"src/i2c_access.o" -I/media/cliff/procom/elEther/repoTpf/ethernet_GMII_v1.vitis/eth1_wrapper2/export/eth1_wrapper2/sw/eth1_wrapper2/standalone_domain/bspinclude/include -mlittle-endian -mcpu=v11.0 -mxl-soft-mul -Wl,--no-relax -ffunction-sections -fdata-sections -MMD -MP -MF"src/i2c_access.d" -MT"src/i2c_access.o" -o "src/i2c_access.o" "../src/i2c_access.c"
Finished building: ../src/i2c_access.c
 
Building file: ../src/iic_phyreset.c
Invoking: MicroBlaze gcc compiler
mb-gcc -Wall -O0 -g3 -c -fmessage-length=0 -MT"src/iic_phyreset.o" -I/media/cliff/procom/elEther/repoTpf/ethernet_GMII_v1.vitis/eth1_wrapper2/export/eth1_wrapper2/sw/eth1_wrapper2/standalone_domain/bspinclude/include -mlittle-endian -mcpu=v11.0 -mxl-soft-mul -Wl,--no-relax -ffunction-sections -fdata-sections -MMD -MP -MF"src/iic_phyreset.d" -MT"src/iic_phyreset.o" -o "src/iic_phyreset.o" "../src/iic_phyreset.c"
Finished building: ../src/iic_phyreset.c
 
Building file: ../src/main.c
Invoking: MicroBlaze gcc compiler
mb-gcc -Wall -O0 -g3 -c -fmessage-length=0 -MT"src/main.o" -I/media/cliff/procom/elEther/repoTpf/ethernet_GMII_v1.vitis/eth1_wrapper2/export/eth1_wrapper2/sw/eth1_wrapper2/standalone_domain/bspinclude/include -mlittle-endian -mcpu=v11.0 -mxl-soft-mul -Wl,--no-relax -ffunction-sections -fdata-sections -MMD -MP -MF"src/main.d" -MT"src/main.o" -o "src/main.o" "../src/main.c"
../src/main.c: In function 'main':
../src/main.c:157:2: warning: implicit declaration of function 'print_app_header'; did you mean 'pbuf_add_header'? [-Wimplicit-function-declaration]
  print_app_header();
  ^~~~~~~~~~~~~~~~
  pbuf_add_header
../src/main.c:159:2: warning: implicit declaration of function 'lwip_init'; did you mean 'ip_init'? [-Wimplicit-function-declaration]
  lwip_init();
  ^~~~~~~~~
  ip_init
../src/main.c:223:2: warning: implicit declaration of function 'start_application' [-Wimplicit-function-declaration]
  start_application();
  ^~~~~~~~~~~~~~~~~
Finished building: ../src/main.c
 
Building file: ../src/platform.c
Invoking: MicroBlaze gcc compiler
mb-gcc -Wall -O0 -g3 -c -fmessage-length=0 -MT"src/platform.o" -I/media/cliff/procom/elEther/repoTpf/ethernet_GMII_v1.vitis/eth1_wrapper2/export/eth1_wrapper2/sw/eth1_wrapper2/standalone_domain/bspinclude/include -mlittle-endian -mcpu=v11.0 -mxl-soft-mul -Wl,--no-relax -ffunction-sections -fdata-sections -MMD -MP -MF"src/platform.d" -MT"src/platform.o" -o "src/platform.o" "../src/platform.c"
Finished building: ../src/platform.c
 
Building file: ../src/platform_mb.c
Invoking: MicroBlaze gcc compiler
mb-gcc -Wall -O0 -g3 -c -fmessage-length=0 -MT"src/platform_mb.o" -I/media/cliff/procom/elEther/repoTpf/ethernet_GMII_v1.vitis/eth1_wrapper2/export/eth1_wrapper2/sw/eth1_wrapper2/standalone_domain/bspinclude/include -mlittle-endian -mcpu=v11.0 -mxl-soft-mul -Wl,--no-relax -ffunction-sections -fdata-sections -MMD -MP -MF"src/platform_mb.d" -MT"src/platform_mb.o" -o "src/platform_mb.o" "../src/platform_mb.c"
Finished building: ../src/platform_mb.c
 
Building file: ../src/platform_ppc.c
Invoking: MicroBlaze gcc compiler
mb-gcc -Wall -O0 -g3 -c -fmessage-length=0 -MT"src/platform_ppc.o" -I/media/cliff/procom/elEther/repoTpf/ethernet_GMII_v1.vitis/eth1_wrapper2/export/eth1_wrapper2/sw/eth1_wrapper2/standalone_domain/bspinclude/include -mlittle-endian -mcpu=v11.0 -mxl-soft-mul -Wl,--no-relax -ffunction-sections -fdata-sections -MMD -MP -MF"src/platform_ppc.d" -MT"src/platform_ppc.o" -o "src/platform_ppc.o" "../src/platform_ppc.c"
Finished building: ../src/platform_ppc.c
 
Building file: ../src/platform_zynq.c
Invoking: MicroBlaze gcc compiler
mb-gcc -Wall -O0 -g3 -c -fmessage-length=0 -MT"src/platform_zynq.o" -I/media/cliff/procom/elEther/repoTpf/ethernet_GMII_v1.vitis/eth1_wrapper2/export/eth1_wrapper2/sw/eth1_wrapper2/standalone_domain/bspinclude/include -mlittle-endian -mcpu=v11.0 -mxl-soft-mul -Wl,--no-relax -ffunction-sections -fdata-sections -MMD -MP -MF"src/platform_zynq.d" -MT"src/platform_zynq.o" -o "src/platform_zynq.o" "../src/platform_zynq.c"
Finished building: ../src/platform_zynq.c
 
Building file: ../src/platform_zynqmp.c
Invoking: MicroBlaze gcc compiler
mb-gcc -Wall -O0 -g3 -c -fmessage-length=0 -MT"src/platform_zynqmp.o" -I/media/cliff/procom/elEther/repoTpf/ethernet_GMII_v1.vitis/eth1_wrapper2/export/eth1_wrapper2/sw/eth1_wrapper2/standalone_domain/bspinclude/include -mlittle-endian -mcpu=v11.0 -mxl-soft-mul -Wl,--no-relax -ffunction-sections -fdata-sections -MMD -MP -MF"src/platform_zynqmp.d" -MT"src/platform_zynqmp.o" -o "src/platform_zynqmp.o" "../src/platform_zynqmp.c"
Finished building: ../src/platform_zynqmp.c
 
Building file: ../src/sfp.c
Invoking: MicroBlaze gcc compiler
mb-gcc -Wall -O0 -g3 -c -fmessage-length=0 -MT"src/sfp.o" -I/media/cliff/procom/elEther/repoTpf/ethernet_GMII_v1.vitis/eth1_wrapper2/export/eth1_wrapper2/sw/eth1_wrapper2/standalone_domain/bspinclude/include -mlittle-endian -mcpu=v11.0 -mxl-soft-mul -Wl,--no-relax -ffunction-sections -fdata-sections -MMD -MP -MF"src/sfp.d" -MT"src/sfp.o" -o "src/sfp.o" "../src/sfp.c"
Finished building: ../src/sfp.c
 
Building file: ../src/si5324.c
Invoking: MicroBlaze gcc compiler
mb-gcc -Wall -O0 -g3 -c -fmessage-length=0 -MT"src/si5324.o" -I/media/cliff/procom/elEther/repoTpf/ethernet_GMII_v1.vitis/eth1_wrapper2/export/eth1_wrapper2/sw/eth1_wrapper2/standalone_domain/bspinclude/include -mlittle-endian -mcpu=v11.0 -mxl-soft-mul -Wl,--no-relax -ffunction-sections -fdata-sections -MMD -MP -MF"src/si5324.d" -MT"src/si5324.o" -o "src/si5324.o" "../src/si5324.c"
Finished building: ../src/si5324.c
 
Building target: matpu2.elf
Invoking: MicroBlaze gcc linker
mb-gcc -Wl,-T -Wl,../src/lscript.ld -L/media/cliff/procom/elEther/repoTpf/ethernet_GMII_v1.vitis/eth1_wrapper2/export/eth1_wrapper2/sw/eth1_wrapper2/standalone_domain/bsplib/lib -mlittle-endian -mcpu=v11.0 -mxl-soft-mul -Wl,--no-relax -Wl,--gc-sections -o "matpu2.elf"  ./src/echo.o ./src/i2c_access.o ./src/iic_phyreset.o ./src/main.o ./src/platform.o ./src/platform_mb.o ./src/platform_ppc.o ./src/platform_zynq.o ./src/platform_zynqmp.o ./src/sfp.o ./src/si5324.o   -Wl,--start-group,-lxil,-lgcc,-lc,--end-group -Wl,--start-group,-lxil,-llwip4,-lgcc,-lc,--end-group
Finished building target: matpu2.elf
 
Invoking: MicroBlaze Print Size
mb-size matpu2.elf  |tee "matpu2.elf.size"
   text	   data	    bss	    dec	    hex	filename
 126518	   2036	3960694	4089248	 3e65a0	matpu2.elf
Finished building: matpu2.elf.size
 
14:38:31 **** Build of configuration Debug for project matpu2_system ****
make all 
Skipping SD card image generation. Reason: The system project only has applications for microblaze processors.
14:38:32 **** Build of configuration Debug for project matpu3 ****
make all 
Building file: ../src/echo.c
Invoking: MicroBlaze gcc compiler
mb-gcc -Wall -O0 -g3 -c -fmessage-length=0 -MT"src/echo.o" -I/media/cliff/procom/elEther/repoTpf/ethernet_GMII_v1.vitis/eth1_wrapper2/export/eth1_wrapper2/sw/eth1_wrapper2/standalone_domain/bspinclude/include -mlittle-endian -mcpu=v11.0 -mxl-soft-mul -Wl,--no-relax -ffunction-sections -fdata-sections -MMD -MP -MF"src/echo.d" -MT"src/echo.o" -o "src/echo.o" "../src/echo.c"
Finished building: ../src/echo.c
 
Building file: ../src/i2c_access.c
Invoking: MicroBlaze gcc compiler
mb-gcc -Wall -O0 -g3 -c -fmessage-length=0 -MT"src/i2c_access.o" -I/media/cliff/procom/elEther/repoTpf/ethernet_GMII_v1.vitis/eth1_wrapper2/export/eth1_wrapper2/sw/eth1_wrapper2/standalone_domain/bspinclude/include -mlittle-endian -mcpu=v11.0 -mxl-soft-mul -Wl,--no-relax -ffunction-sections -fdata-sections -MMD -MP -MF"src/i2c_access.d" -MT"src/i2c_access.o" -o "src/i2c_access.o" "../src/i2c_access.c"
Finished building: ../src/i2c_access.c
 
Building file: ../src/iic_phyreset.c
Invoking: MicroBlaze gcc compiler
mb-gcc -Wall -O0 -g3 -c -fmessage-length=0 -MT"src/iic_phyreset.o" -I/media/cliff/procom/elEther/repoTpf/ethernet_GMII_v1.vitis/eth1_wrapper2/export/eth1_wrapper2/sw/eth1_wrapper2/standalone_domain/bspinclude/include -mlittle-endian -mcpu=v11.0 -mxl-soft-mul -Wl,--no-relax -ffunction-sections -fdata-sections -MMD -MP -MF"src/iic_phyreset.d" -MT"src/iic_phyreset.o" -o "src/iic_phyreset.o" "../src/iic_phyreset.c"
Finished building: ../src/iic_phyreset.c
 
Building file: ../src/main.c
Invoking: MicroBlaze gcc compiler
mb-gcc -Wall -O0 -g3 -c -fmessage-length=0 -MT"src/main.o" -I/media/cliff/procom/elEther/repoTpf/ethernet_GMII_v1.vitis/eth1_wrapper2/export/eth1_wrapper2/sw/eth1_wrapper2/standalone_domain/bspinclude/include -mlittle-endian -mcpu=v11.0 -mxl-soft-mul -Wl,--no-relax -ffunction-sections -fdata-sections -MMD -MP -MF"src/main.d" -MT"src/main.o" -o "src/main.o" "../src/main.c"
../src/main.c: In function 'main':
../src/main.c:157:2: warning: implicit declaration of function 'print_app_header'; did you mean 'pbuf_add_header'? [-Wimplicit-function-declaration]
  print_app_header();
  ^~~~~~~~~~~~~~~~
  pbuf_add_header
../src/main.c:159:2: warning: implicit declaration of function 'lwip_init'; did you mean 'ip_init'? [-Wimplicit-function-declaration]
  lwip_init();
  ^~~~~~~~~
  ip_init
../src/main.c:223:2: warning: implicit declaration of function 'start_application' [-Wimplicit-function-declaration]
  start_application();
  ^~~~~~~~~~~~~~~~~
Finished building: ../src/main.c
 
Building file: ../src/platform.c
Invoking: MicroBlaze gcc compiler
mb-gcc -Wall -O0 -g3 -c -fmessage-length=0 -MT"src/platform.o" -I/media/cliff/procom/elEther/repoTpf/ethernet_GMII_v1.vitis/eth1_wrapper2/export/eth1_wrapper2/sw/eth1_wrapper2/standalone_domain/bspinclude/include -mlittle-endian -mcpu=v11.0 -mxl-soft-mul -Wl,--no-relax -ffunction-sections -fdata-sections -MMD -MP -MF"src/platform.d" -MT"src/platform.o" -o "src/platform.o" "../src/platform.c"
Finished building: ../src/platform.c
 
Building file: ../src/platform_mb.c
Invoking: MicroBlaze gcc compiler
mb-gcc -Wall -O0 -g3 -c -fmessage-length=0 -MT"src/platform_mb.o" -I/media/cliff/procom/elEther/repoTpf/ethernet_GMII_v1.vitis/eth1_wrapper2/export/eth1_wrapper2/sw/eth1_wrapper2/standalone_domain/bspinclude/include -mlittle-endian -mcpu=v11.0 -mxl-soft-mul -Wl,--no-relax -ffunction-sections -fdata-sections -MMD -MP -MF"src/platform_mb.d" -MT"src/platform_mb.o" -o "src/platform_mb.o" "../src/platform_mb.c"
Finished building: ../src/platform_mb.c
 
Building file: ../src/platform_ppc.c
Invoking: MicroBlaze gcc compiler
mb-gcc -Wall -O0 -g3 -c -fmessage-length=0 -MT"src/platform_ppc.o" -I/media/cliff/procom/elEther/repoTpf/ethernet_GMII_v1.vitis/eth1_wrapper2/export/eth1_wrapper2/sw/eth1_wrapper2/standalone_domain/bspinclude/include -mlittle-endian -mcpu=v11.0 -mxl-soft-mul -Wl,--no-relax -ffunction-sections -fdata-sections -MMD -MP -MF"src/platform_ppc.d" -MT"src/platform_ppc.o" -o "src/platform_ppc.o" "../src/platform_ppc.c"
Finished building: ../src/platform_ppc.c
 
Building file: ../src/platform_zynq.c
Invoking: MicroBlaze gcc compiler
mb-gcc -Wall -O0 -g3 -c -fmessage-length=0 -MT"src/platform_zynq.o" -I/media/cliff/procom/elEther/repoTpf/ethernet_GMII_v1.vitis/eth1_wrapper2/export/eth1_wrapper2/sw/eth1_wrapper2/standalone_domain/bspinclude/include -mlittle-endian -mcpu=v11.0 -mxl-soft-mul -Wl,--no-relax -ffunction-sections -fdata-sections -MMD -MP -MF"src/platform_zynq.d" -MT"src/platform_zynq.o" -o "src/platform_zynq.o" "../src/platform_zynq.c"
Finished building: ../src/platform_zynq.c
 
Building file: ../src/platform_zynqmp.c
Invoking: MicroBlaze gcc compiler
mb-gcc -Wall -O0 -g3 -c -fmessage-length=0 -MT"src/platform_zynqmp.o" -I/media/cliff/procom/elEther/repoTpf/ethernet_GMII_v1.vitis/eth1_wrapper2/export/eth1_wrapper2/sw/eth1_wrapper2/standalone_domain/bspinclude/include -mlittle-endian -mcpu=v11.0 -mxl-soft-mul -Wl,--no-relax -ffunction-sections -fdata-sections -MMD -MP -MF"src/platform_zynqmp.d" -MT"src/platform_zynqmp.o" -o "src/platform_zynqmp.o" "../src/platform_zynqmp.c"
Finished building: ../src/platform_zynqmp.c
 
Building file: ../src/sfp.c
Invoking: MicroBlaze gcc compiler
mb-gcc -Wall -O0 -g3 -c -fmessage-length=0 -MT"src/sfp.o" -I/media/cliff/procom/elEther/repoTpf/ethernet_GMII_v1.vitis/eth1_wrapper2/export/eth1_wrapper2/sw/eth1_wrapper2/standalone_domain/bspinclude/include -mlittle-endian -mcpu=v11.0 -mxl-soft-mul -Wl,--no-relax -ffunction-sections -fdata-sections -MMD -MP -MF"src/sfp.d" -MT"src/sfp.o" -o "src/sfp.o" "../src/sfp.c"
Finished building: ../src/sfp.c
 
Building file: ../src/si5324.c
Invoking: MicroBlaze gcc compiler
mb-gcc -Wall -O0 -g3 -c -fmessage-length=0 -MT"src/si5324.o" -I/media/cliff/procom/elEther/repoTpf/ethernet_GMII_v1.vitis/eth1_wrapper2/export/eth1_wrapper2/sw/eth1_wrapper2/standalone_domain/bspinclude/include -mlittle-endian -mcpu=v11.0 -mxl-soft-mul -Wl,--no-relax -ffunction-sections -fdata-sections -MMD -MP -MF"src/si5324.d" -MT"src/si5324.o" -o "src/si5324.o" "../src/si5324.c"
Finished building: ../src/si5324.c
 
Building target: matpu3.elf
Invoking: MicroBlaze gcc linker
mb-gcc -Wl,-T -Wl,../src/lscript.ld -L/media/cliff/procom/elEther/repoTpf/ethernet_GMII_v1.vitis/eth1_wrapper2/export/eth1_wrapper2/sw/eth1_wrapper2/standalone_domain/bsplib/lib -mlittle-endian -mcpu=v11.0 -mxl-soft-mul -Wl,--no-relax -Wl,--gc-sections -o "matpu3.elf"  ./src/echo.o ./src/i2c_access.o ./src/iic_phyreset.o ./src/main.o ./src/platform.o ./src/platform_mb.o ./src/platform_ppc.o ./src/platform_zynq.o ./src/platform_zynqmp.o ./src/sfp.o ./src/si5324.o   -Wl,--start-group,-lxil,-lgcc,-lc,--end-group -Wl,--start-group,-lxil,-llwip4,-lgcc,-lc,--end-group
Finished building target: matpu3.elf
 
Invoking: MicroBlaze Print Size
mb-size matpu3.elf  |tee "matpu3.elf.size"
   text	   data	    bss	    dec	    hex	filename
 126518	   2036	3960694	4089248	 3e65a0	matpu3.elf
Finished building: matpu3.elf.size
 
14:38:35 **** Build of configuration Debug for project matpu3_system ****
make all 
Skipping SD card image generation. Reason: The system project only has applications for microblaze processors.
14:43:15 **** Incremental Build of configuration Debug for project matpu3 ****
make all 
make: Nothing to be done for 'all'.
